[33;1mVERBOSE: Resolving base path C:/Users/marce/source/repos/PortalDungeon/vcpkg_installed/x64-windows/vcpkg/pkgs/brotli_x64-windows/tools/brotli/brotli.exe...[0m
[33;1mVERBOSE: Resolving C:/Users/marce/source/repos/PortalDungeon/vcpkg_installed/x64-windows/vcpkg/pkgs/brotli_x64-windows/tools/brotli/brotli.exe...[0m
[33;1mVERBOSE:   brotlienc.dll: brotlienc.dll not found in C:\Users\marce\source\repos\PortalDungeon\vcpkg_installed\x64-windows\x64-windows; locally deployed[0m
[33;1mVERBOSE: Resolving C:\Users\marce\source\repos\PortalDungeon\vcpkg_installed\x64-windows\vcpkg\pkgs\brotli_x64-windows\tools\brotli\brotlienc.dll...[0m
[33;1mVERBOSE:   brotlicommon.dll: brotlicommon.dll not found in C:\Users\marce\source\repos\PortalDungeon\vcpkg_installed\x64-windows\x64-windows; locally deployed[0m
[33;1mVERBOSE: Resolving C:\Users\marce\source\repos\PortalDungeon\vcpkg_installed\x64-windows\vcpkg\pkgs\brotli_x64-windows\tools\brotli\brotlicommon.dll...[0m
[33;1mVERBOSE:   VCRUNTIME140.dll: C:\Users\marce\source\repos\PortalDungeon\vcpkg_installed\x64-windows\x64-windows\bin\VCRUNTIME140.dll not found[0m
[33;1mVERBOSE:   api-ms-win-crt-heap-l1-1-0.dll: C:\Users\marce\source\repos\PortalDungeon\vcpkg_installed\x64-windows\x64-windows\bin\api-ms-win-crt-heap-l1-1-0.dll not found[0m
[33;1mVERBOSE:   api-ms-win-crt-runtime-l1-1-0.dll: C:\Users\marce\source\repos\PortalDungeon\vcpkg_installed\x64-windows\x64-windows\bin\api-ms-win-crt-runtime-l1-1-0.dll not found[0m
[33;1mVERBOSE:   KERNEL32.dll: C:\Users\marce\source\repos\PortalDungeon\vcpkg_installed\x64-windows\x64-windows\bin\KERNEL32.dll not found[0m
[33;1mVERBOSE: Done Resolving C:\Users\marce\source\repos\PortalDungeon\vcpkg_installed\x64-windows\vcpkg\pkgs\brotli_x64-windows\tools\brotli\brotlicommon.dll.[0m
[33;1mVERBOSE:   VCRUNTIME140.dll: previously searched - Skip[0m
[33;1mVERBOSE:   api-ms-win-crt-math-l1-1-0.dll: C:\Users\marce\source\repos\PortalDungeon\vcpkg_installed\x64-windows\x64-windows\bin\api-ms-win-crt-math-l1-1-0.dll not found[0m
[33;1mVERBOSE:   api-ms-win-crt-heap-l1-1-0.dll: previously searched - Skip[0m
[33;1mVERBOSE:   api-ms-win-crt-runtime-l1-1-0.dll: previously searched - Skip[0m
[33;1mVERBOSE:   KERNEL32.dll: previously searched - Skip[0m
[33;1mVERBOSE: Done Resolving C:\Users\marce\source\repos\PortalDungeon\vcpkg_installed\x64-windows\vcpkg\pkgs\brotli_x64-windows\tools\brotli\brotlienc.dll.[0m
[33;1mVERBOSE:   brotlidec.dll: brotlidec.dll not found in C:\Users\marce\source\repos\PortalDungeon\vcpkg_installed\x64-windows\x64-windows; locally deployed[0m
[33;1mVERBOSE: Resolving C:\Users\marce\source\repos\PortalDungeon\vcpkg_installed\x64-windows\vcpkg\pkgs\brotli_x64-windows\tools\brotli\brotlidec.dll...[0m
[33;1mVERBOSE:   brotlicommon.dll: previously searched - Skip[0m
[33;1mVERBOSE:   VCRUNTIME140.dll: previously searched - Skip[0m
[33;1mVERBOSE:   api-ms-win-crt-heap-l1-1-0.dll: previously searched - Skip[0m
[33;1mVERBOSE:   api-ms-win-crt-runtime-l1-1-0.dll: previously searched - Skip[0m
[33;1mVERBOSE:   KERNEL32.dll: previously searched - Skip[0m
[33;1mVERBOSE: Done Resolving C:\Users\marce\source\repos\PortalDungeon\vcpkg_installed\x64-windows\vcpkg\pkgs\brotli_x64-windows\tools\brotli\brotlidec.dll.[0m
[33;1mVERBOSE:   VCRUNTIME140.dll: previously searched - Skip[0m
[33;1mVERBOSE:   api-ms-win-crt-runtime-l1-1-0.dll: previously searched - Skip[0m
[33;1mVERBOSE:   api-ms-win-crt-stdio-l1-1-0.dll: C:\Users\marce\source\repos\PortalDungeon\vcpkg_installed\x64-windows\x64-windows\bin\api-ms-win-crt-stdio-l1-1-0.dll not found[0m
[33;1mVERBOSE:   api-ms-win-crt-math-l1-1-0.dll: previously searched - Skip[0m
[33;1mVERBOSE:   api-ms-win-crt-filesystem-l1-1-0.dll: C:\Users\marce\source\repos\PortalDungeon\vcpkg_installed\x64-windows\x64-windows\bin\api-ms-win-crt-filesystem-l1-1-0.dll not found[0m
[33;1mVERBOSE:   api-ms-win-crt-heap-l1-1-0.dll: previously searched - Skip[0m
[33;1mVERBOSE:   api-ms-win-crt-time-l1-1-0.dll: C:\Users\marce\source\repos\PortalDungeon\vcpkg_installed\x64-windows\x64-windows\bin\api-ms-win-crt-time-l1-1-0.dll not found[0m
[33;1mVERBOSE:   api-ms-win-crt-string-l1-1-0.dll: C:\Users\marce\source\repos\PortalDungeon\vcpkg_installed\x64-windows\x64-windows\bin\api-ms-win-crt-string-l1-1-0.dll not found[0m
[33;1mVERBOSE:   api-ms-win-crt-locale-l1-1-0.dll: C:\Users\marce\source\repos\PortalDungeon\vcpkg_installed\x64-windows\x64-windows\bin\api-ms-win-crt-locale-l1-1-0.dll not found[0m
[33;1mVERBOSE:   KERNEL32.dll: previously searched - Skip[0m
[33;1mVERBOSE: Done Resolving C:/Users/marce/source/repos/PortalDungeon/vcpkg_installed/x64-windows/vcpkg/pkgs/brotli_x64-windows/tools/brotli/brotli.exe.[0m
[33;1mVERBOSE: 
Name                           Value
----                           -----
brotlienc.dll                  True
brotlidec.dll                  True
api-ms-win-crt-time-l1-1-0.dll True
api-ms-win-crt-filesystem-l1-… True
api-ms-win-crt-runtime-l1-1-0… True
api-ms-win-crt-string-l1-1-0.… True
api-ms-win-crt-heap-l1-1-0.dll True
api-ms-win-crt-math-l1-1-0.dll True
api-ms-win-crt-locale-l1-1-0.… True
api-ms-win-crt-stdio-l1-1-0.d… True
KERNEL32.dll                   True
VCRUNTIME140.dll               True
brotlicommon.dll               True

[0m
