
---
events:
  -
    kind: "message-v1"
    backtrace:
      - "C:/Users/marce/AppData/Local/vcpkg/downloads/tools/cmake-3.31.10-windows/cmake-3.31.10-windows-x86_64/share/cmake-3.31/Modules/CMakeDetermineSystem.cmake:205 (message)"
      - "CMakeLists.txt:163 (project)"
    message: |
      The system is: Windows - 10.0.26200 - AMD64
  -
    kind: "message-v1"
    backtrace:
      - "C:/Users/marce/AppData/Local/vcpkg/downloads/tools/cmake-3.31.10-windows/cmake-3.31.10-windows-x86_64/share/cmake-3.31/Modules/CMakeDetermineCompilerId.cmake:17 (message)"
      - "C:/Users/marce/AppData/Local/vcpkg/downloads/tools/cmake-3.31.10-windows/cmake-3.31.10-windows-x86_64/share/cmake-3.31/Modules/CMakeDetermineCompilerId.cmake:64 (__determine_compiler_id_test)"
      - "C:/Users/marce/AppData/Local/vcpkg/downloads/tools/cmake-3.31.10-windows/cmake-3.31.10-windows-x86_64/share/cmake-3.31/Modules/CMakeDetermineCCompiler.cmake:123 (CMAKE_DETERMINE_COMPILER_ID)"
      - "CMakeLists.txt:163 (project)"
    message: |
      Compiling the C compiler identification source file "CMakeCCompilerId.c" succeeded.
      Compiler: C:/Program Files/Microsoft Visual Studio/18/Community/VC/Tools/MSVC/14.50.35717/bin/Hostx64/x64/cl.exe 
      Build flags: /nologo;/DWIN32;/D_WINDOWS;/utf-8;/MP
      Id flags:  
      
      The output was:
      0
      CMakeCCompilerId.c
      
      
      Compilation of the C compiler identification source "CMakeCCompilerId.c" produced "CMakeCCompilerId.exe"
      
      Compilation of the C compiler identification source "CMakeCCompilerId.c" produced "CMakeCCompilerId.obj"
      
      The C compiler identification is MSVC, found in:
        C:/Users/marce/source/repos/PortalDungeon/vcpkg_installed/x64-windows/vcpkg/blds/freetype/x64-windows-rel/CMakeFiles/3.31.10/CompilerIdC/CMakeCCompilerId.exe
      
  -
    kind: "message-v1"
    backtrace:
      - "C:/Users/marce/AppData/Local/vcpkg/downloads/tools/cmake-3.31.10-windows/cmake-3.31.10-windows-x86_64/share/cmake-3.31/Modules/CMakeDetermineCompilerId.cmake:1289 (message)"
      - "C:/Users/marce/AppData/Local/vcpkg/downloads/tools/cmake-3.31.10-windows/cmake-3.31.10-windows-x86_64/share/cmake-3.31/Modules/CMakeDetermineCompilerId.cmake:250 (CMAKE_DETERMINE_MSVC_SHOWINCLUDES_PREFIX)"
      - "C:/Users/marce/AppData/Local/vcpkg/downloads/tools/cmake-3.31.10-windows/cmake-3.31.10-windows-x86_64/share/cmake-3.31/Modules/CMakeDetermineCCompiler.cmake:123 (CMAKE_DETERMINE_COMPILER_ID)"
      - "CMakeLists.txt:163 (project)"
    message: |
      Detecting C compiler /showIncludes prefix:
        main.c
        Note: including file: C:\\Users\\marce\\source\\repos\\PortalDungeon\\vcpkg_installed\\x64-windows\\vcpkg\\blds\\freetype\\x64-windows-rel\\CMakeFiles\\ShowIncludes\\foo.h
        
      Found prefix "Note: including file: "
  -
    kind: "try_compile-v1"
    backtrace:
      - "C:/Users/marce/AppData/Local/vcpkg/downloads/tools/cmake-3.31.10-windows/cmake-3.31.10-windows-x86_64/share/cmake-3.31/Modules/CMakeDetermineCompilerABI.cmake:74 (try_compile)"
      - "C:/Users/marce/AppData/Local/vcpkg/downloads/tools/cmake-3.31.10-windows/cmake-3.31.10-windows-x86_64/share/cmake-3.31/Modules/CMakeTestCCompiler.cmake:26 (CMAKE_DETERMINE_COMPILER_ABI)"
      - "CMakeLists.txt:163 (project)"
    checks:
      - "Detecting C compiler ABI info"
    directories:
      source: "C:/Users/marce/source/repos/PortalDungeon/vcpkg_installed/x64-windows/vcpkg/blds/freetype/x64-windows-rel/CMakeFiles/CMakeScratch/TryCompile-s3sxlx"
      binary: "C:/Users/marce/source/repos/PortalDungeon/vcpkg_installed/x64-windows/vcpkg/blds/freetype/x64-windows-rel/CMakeFiles/CMakeScratch/TryCompile-s3sxlx"
    cmakeVariables:
      CMAKE_C_FLAGS: " /nologo /DWIN32 /D_WINDOWS /utf-8 /MP "
      CMAKE_EXE_LINKER_FLAGS: "/machine:x64"
      CMAKE_MSVC_DEBUG_INFORMATION_FORMAT: ""
      CMAKE_MSVC_RUNTIME_LIBRARY: "MultiThreaded$<$<CONFIG:Debug>:Debug>$<$<STREQUAL:dynamic,dynamic>:DLL>"
      VCPKG_CHAINLOAD_TOOLCHAIN_FILE: "C:/Program Files/Microsoft Visual Studio/18/Community/VC/vcpkg/scripts/toolchains/windows.cmake"
      VCPKG_CRT_LINKAGE: "dynamic"
      VCPKG_CXX_FLAGS: ""
      VCPKG_CXX_FLAGS_DEBUG: ""
      VCPKG_CXX_FLAGS_RELEASE: ""
      VCPKG_C_FLAGS: ""
      VCPKG_C_FLAGS_DEBUG: ""
      VCPKG_C_FLAGS_RELEASE: ""
      VCPKG_INSTALLED_DIR: "C:/Users/marce/source/repos/PortalDungeon/vcpkg_installed/x64-windows"
      VCPKG_LINKER_FLAGS: ""
      VCPKG_LINKER_FLAGS_DEBUG: ""
      VCPKG_LINKER_FLAGS_RELEASE: ""
      VCPKG_PLATFORM_TOOLSET: "v145"
      VCPKG_PREFER_SYSTEM_LIBS: "OFF"
      VCPKG_SET_CHARSET_FLAG: "ON"
      VCPKG_TARGET_ARCHITECTURE: "x64"
      VCPKG_TARGET_TRIPLET: "x64-windows"
      Z_VCPKG_ROOT_DIR: "C:/Program Files/Microsoft Visual Studio/18/Community/VC/vcpkg"
    buildResult:
      variable: "CMAKE_C_ABI_COMPILED"
      cached: true
      stdout: |
        Change Dir: 'C:/Users/marce/source/repos/PortalDungeon/vcpkg_installed/x64-windows/vcpkg/blds/freetype/x64-windows-rel/CMakeFiles/CMakeScratch/TryCompile-s3sxlx'
        
        Run Build Command(s): C:/Users/marce/AppData/Local/vcpkg/downloads/tools/ninja/1.13.1-windows/ninja.exe -v cmTC_00deb
        [1/2] C:\\PROGRA~1\\MIB055~1\\18\\COMMUN~1\\VC\\Tools\\MSVC\\1450~1.357\\bin\\Hostx64\\x64\\cl.exe  /nologo   /nologo /DWIN32 /D_WINDOWS /utf-8 /MP   /MDd /Z7 /Ob0 /Od /RTC1 /showIncludes /FoCMakeFiles\\cmTC_00deb.dir\\CMakeCCompilerABI.c.obj /FdCMakeFiles\\cmTC_00deb.dir\\ /FS -c C:\\Users\\marce\\AppData\\Local\\vcpkg\\downloads\\tools\\cmake-3.31.10-windows\\cmake-3.31.10-windows-x86_64\\share\\cmake-3.31\\Modules\\CMakeCCompilerABI.c
        [2/2] C:\\WINDOWS\\system32\\cmd.exe /C "cd . && C:\\Users\\marce\\AppData\\Local\\vcpkg\\downloads\\tools\\cmake-3.31.10-windows\\cmake-3.31.10-windows-x86_64\\bin\\cmake.exe -E vs_link_exe --msvc-ver=1950 --intdir=CMakeFiles\\cmTC_00deb.dir --rc=C:\\PROGRA~2\\WI3CF2~1\\10\\bin\\100261~1.0\\x64\\rc.exe --mt=C:\\PROGRA~2\\WI3CF2~1\\10\\bin\\100261~1.0\\x64\\mt.exe --manifests  -- C:\\PROGRA~1\\MIB055~1\\18\\COMMUN~1\\VC\\Tools\\MSVC\\1450~1.357\\bin\\Hostx64\\x64\\link.exe /nologo CMakeFiles\\cmTC_00deb.dir\\CMakeCCompilerABI.c.obj  /out:cmTC_00deb.exe /implib:cmTC_00deb.lib /pdb:cmTC_00deb.pdb /version:0.0 /machine:x64  /nologo    /debug /INCREMENTAL /subsystem:console  kernel32.lib user32.lib gdi32.lib winspool.lib shell32.lib ole32.lib oleaut32.lib uuid.lib comdlg32.lib advapi32.lib && cd ."
        
      exitCode: 0
  -
    kind: "message-v1"
    backtrace:
      - "C:/Users/marce/AppData/Local/vcpkg/downloads/tools/cmake-3.31.10-windows/cmake-3.31.10-windows-x86_64/share/cmake-3.31/Modules/CMakeDetermineCompilerABI.cmake:218 (message)"
      - "C:/Users/marce/AppData/Local/vcpkg/downloads/tools/cmake-3.31.10-windows/cmake-3.31.10-windows-x86_64/share/cmake-3.31/Modules/CMakeTestCCompiler.cmake:26 (CMAKE_DETERMINE_COMPILER_ABI)"
      - "CMakeLists.txt:163 (project)"
    message: |
      Parsed C implicit link information:
        link line regex: [^( *|.*[/\\])(ld[0-9]*(\\.[a-z]+)?|link\\.exe|lld-link(\\.exe)?|CMAKE_LINK_STARTFILE-NOTFOUND|([^/\\]+-)?ld|collect2)[^/\\]*( |$)]
        linker tool regex: [^[ 	]*(->|")?[ 	]*(([^"]*[/\\])?(ld[0-9]*(\\.[a-z]+)?|link\\.exe|lld-link(\\.exe)?))("|,| |$)]
        linker tool for 'C': C:/PROGRA~1/MIB055~1/18/COMMUN~1/VC/Tools/MSVC/1450~1.357/bin/Hostx64/x64/link.exe
        implicit libs: []
        implicit objs: []
        implicit dirs: []
        implicit fwks: []
      
      
  -
    kind: "message-v1"
    backtrace:
      - "C:/Users/marce/AppData/Local/vcpkg/downloads/tools/cmake-3.31.10-windows/cmake-3.31.10-windows-x86_64/share/cmake-3.31/Modules/Internal/CMakeDetermineLinkerId.cmake:40 (message)"
      - "C:/Users/marce/AppData/Local/vcpkg/downloads/tools/cmake-3.31.10-windows/cmake-3.31.10-windows-x86_64/share/cmake-3.31/Modules/CMakeDetermineCompilerABI.cmake:255 (cmake_determine_linker_id)"
      - "C:/Users/marce/AppData/Local/vcpkg/downloads/tools/cmake-3.31.10-windows/cmake-3.31.10-windows-x86_64/share/cmake-3.31/Modules/CMakeTestCCompiler.cmake:26 (CMAKE_DETERMINE_COMPILER_ABI)"
      - "CMakeLists.txt:163 (project)"
    message: |
      Running the C compiler's linker: "C:/PROGRA~1/MIB055~1/18/COMMUN~1/VC/Tools/MSVC/1450~1.357/bin/Hostx64/x64/link.exe" "-v"
      Microsoft (R) Incremental Linker Version 14.50.35728.0
      Copyright (C) Microsoft Corporation.  All rights reserved.
  -
    kind: "try_compile-v1"
    backtrace:
      - "C:/Users/marce/AppData/Local/vcpkg/downloads/tools/cmake-3.31.10-windows/cmake-3.31.10-windows-x86_64/share/cmake-3.31/Modules/CheckSymbolExists.cmake:163 (try_compile)"
      - "C:/Users/marce/AppData/Local/vcpkg/downloads/tools/cmake-3.31.10-windows/cmake-3.31.10-windows-x86_64/share/cmake-3.31/Modules/CheckSymbolExists.cmake:68 (__CHECK_SYMBOL_EXISTS_IMPL)"
      - "C:/Users/marce/AppData/Local/vcpkg/downloads/tools/cmake-3.31.10-windows/cmake-3.31.10-windows-x86_64/share/cmake-3.31/Modules/FindBZip2.cmake:100 (CHECK_SYMBOL_EXISTS)"
      - "C:/Program Files/Microsoft Visual Studio/18/Community/VC/vcpkg/scripts/buildsystems/vcpkg.cmake:908 (_find_package)"
      - "CMakeLists.txt:286 (find_package)"
    checks:
      - "Looking for BZ2_bzCompressInit"
    directories:
      source: "C:/Users/marce/source/repos/PortalDungeon/vcpkg_installed/x64-windows/vcpkg/blds/freetype/x64-windows-rel/CMakeFiles/CMakeScratch/TryCompile-qp33in"
      binary: "C:/Users/marce/source/repos/PortalDungeon/vcpkg_installed/x64-windows/vcpkg/blds/freetype/x64-windows-rel/CMakeFiles/CMakeScratch/TryCompile-qp33in"
    cmakeVariables:
      CMAKE_C_FLAGS: " /nologo /DWIN32 /D_WINDOWS /utf-8 /MP "
      CMAKE_EXE_LINKER_FLAGS: "/machine:x64"
      CMAKE_MODULE_PATH: "C:/Users/marce/source/repos/PortalDungeon/vcpkg_installed/x64-windows/vcpkg/blds/freetype/src/VER-2-13-3-8b423a038b.clean/builds/cmake"
      CMAKE_MSVC_DEBUG_INFORMATION_FORMAT: ""
      CMAKE_MSVC_RUNTIME_LIBRARY: "MultiThreaded$<$<CONFIG:Debug>:Debug>$<$<STREQUAL:dynamic,dynamic>:DLL>"
      VCPKG_CHAINLOAD_TOOLCHAIN_FILE: "C:/Program Files/Microsoft Visual Studio/18/Community/VC/vcpkg/scripts/toolchains/windows.cmake"
      VCPKG_CRT_LINKAGE: "dynamic"
      VCPKG_CXX_FLAGS: ""
      VCPKG_CXX_FLAGS_DEBUG: ""
      VCPKG_CXX_FLAGS_RELEASE: ""
      VCPKG_C_FLAGS: ""
      VCPKG_C_FLAGS_DEBUG: ""
      VCPKG_C_FLAGS_RELEASE: ""
      VCPKG_INSTALLED_DIR: "C:/Users/marce/source/repos/PortalDungeon/vcpkg_installed/x64-windows"
      VCPKG_LINKER_FLAGS: ""
      VCPKG_LINKER_FLAGS_DEBUG: ""
      VCPKG_LINKER_FLAGS_RELEASE: ""
      VCPKG_PLATFORM_TOOLSET: "v145"
      VCPKG_PREFER_SYSTEM_LIBS: "OFF"
      VCPKG_SET_CHARSET_FLAG: "ON"
      VCPKG_TARGET_ARCHITECTURE: "x64"
      VCPKG_TARGET_TRIPLET: "x64-windows"
      Z_VCPKG_ROOT_DIR: "C:/Program Files/Microsoft Visual Studio/18/Community/VC/vcpkg"
    buildResult:
      variable: "BZIP2_NEED_PREFIX"
      cached: true
      stdout: |
        Change Dir: 'C:/Users/marce/source/repos/PortalDungeon/vcpkg_installed/x64-windows/vcpkg/blds/freetype/x64-windows-rel/CMakeFiles/CMakeScratch/TryCompile-qp33in'
        
        Run Build Command(s): C:/Users/marce/AppData/Local/vcpkg/downloads/tools/ninja/1.13.1-windows/ninja.exe -v cmTC_88578
        [1/2] C:\\PROGRA~1\\MIB055~1\\18\\COMMUN~1\\VC\\Tools\\MSVC\\1450~1.357\\bin\\Hostx64\\x64\\cl.exe  /nologo  -IC:\\Users\\marce\\source\\repos\\PortalDungeon\\vcpkg_installed\\x64-windows\\x64-windows\\include /nologo /DWIN32 /D_WINDOWS /utf-8 /MP   /MDd /Z7 /Ob0 /Od /RTC1 /showIncludes /FoCMakeFiles\\cmTC_88578.dir\\CheckSymbolExists.c.obj /FdCMakeFiles\\cmTC_88578.dir\\ /FS -c C:\\Users\\marce\\source\\repos\\PortalDungeon\\vcpkg_installed\\x64-windows\\vcpkg\\blds\\freetype\\x64-windows-rel\\CMakeFiles\\CMakeScratch\\TryCompile-qp33in\\CheckSymbolExists.c
        [2/2] C:\\WINDOWS\\system32\\cmd.exe /C "cd . && C:\\Users\\marce\\AppData\\Local\\vcpkg\\downloads\\tools\\cmake-3.31.10-windows\\cmake-3.31.10-windows-x86_64\\bin\\cmake.exe -E vs_link_exe --msvc-ver=1950 --intdir=CMakeFiles\\cmTC_88578.dir --rc=C:\\PROGRA~2\\WI3CF2~1\\10\\bin\\100261~1.0\\x64\\rc.exe --mt=C:\\PROGRA~2\\WI3CF2~1\\10\\bin\\100261~1.0\\x64\\mt.exe --manifests  -- C:\\PROGRA~1\\MIB055~1\\18\\COMMUN~1\\VC\\Tools\\MSVC\\1450~1.357\\bin\\Hostx64\\x64\\link.exe /nologo CMakeFiles\\cmTC_88578.dir\\CheckSymbolExists.c.obj  /out:cmTC_88578.exe /implib:cmTC_88578.lib /pdb:cmTC_88578.pdb /version:0.0 /machine:x64  /nologo    /debug /INCREMENTAL /subsystem:console  C:\\Users\\marce\\source\\repos\\PortalDungeon\\vcpkg_installed\\x64-windows\\x64-windows\\debug\\lib\\bz2d.lib  kernel32.lib user32.lib gdi32.lib winspool.lib shell32.lib ole32.lib oleaut32.lib uuid.lib comdlg32.lib advapi32.lib && cd ."
        
      exitCode: 0
...
