# CMAKE generated file: DO NOT EDIT!
# Generated by "Ninja" Generator, CMake Version 4.2

# This file contains all the build statements describing the
# compilation DAG.

# =============================================================================
# Write statements declared in CMakeLists.txt:
# 
# Which is the root file.
# =============================================================================

# =============================================================================
# Project: libpng
# Configurations: Release
# =============================================================================

#############################################
# Minimal version of Ninja required by this file

ninja_required_version = 1.5


#############################################
# Set configuration variable for custom commands.

CONFIGURATION = Release
# =============================================================================
# Include auxiliary files.


#############################################
# Include rules file.

include CMakeFiles\rules.ninja

# =============================================================================

#############################################
# Logical path to working directory; prefix for absolute paths.

cmake_ninja_workdir = C$:\Users\marce\source\repos\PortalDungeon\vcpkg_installed\vcpkg\blds\libpng\x64-windows-rel\

#############################################
# Utility command for png_genfiles

build png_genfiles: phony

# =============================================================================
# Object build statements for SHARED_LIBRARY target png_shared


#############################################
# Order-only phony target for png_shared

build cmake_object_order_depends_target_png_shared: phony || png_genfiles

build CMakeFiles\png_shared.dir\png.c.obj: C_COMPILER__png_shared_unscanned_Release C$:\Users\marce\source\repos\PortalDungeon\vcpkg_installed\vcpkg\blds\libpng\src\v1.6.50-13b6aa9451.clean\png.c || cmake_object_order_depends_target_png_shared
  CONFIG = Release
  DEFINES = -DPNG_BUILD_DLL -DPNG_INTEL_SSE_OPT=1 -D_CRT_NONSTDC_NO_DEPRECATE -D_CRT_SECURE_NO_DEPRECATE
  FLAGS = /nologo /DWIN32 /D_WINDOWS /utf-8 /MP  /MD /O2 /Oi /Gy /DNDEBUG /Z7  -MD
  INCLUDES = -IC:\Users\marce\source\repos\PortalDungeon\vcpkg_installed\vcpkg\blds\libpng\src\v1.6.50-13b6aa9451.clean -IC:\Users\marce\source\repos\PortalDungeon\vcpkg_installed\vcpkg\blds\libpng\x64-windows-rel -external:IC:\Users\marce\source\repos\PortalDungeon\vcpkg_installed\x64-windows\include -external:W0
  OBJECT_DIR = CMakeFiles\png_shared.dir
  OBJECT_FILE_DIR = CMakeFiles\png_shared.dir
  TARGET_COMPILE_PDB = CMakeFiles\png_shared.dir\
  TARGET_PDB = libpng16.pdb
  TARGET_SUPPORT_DIR = CMakeFiles\png_shared.dir

build CMakeFiles\png_shared.dir\pngerror.c.obj: C_COMPILER__png_shared_unscanned_Release C$:\Users\marce\source\repos\PortalDungeon\vcpkg_installed\vcpkg\blds\libpng\src\v1.6.50-13b6aa9451.clean\pngerror.c || cmake_object_order_depends_target_png_shared
  CONFIG = Release
  DEFINES = -DPNG_BUILD_DLL -DPNG_INTEL_SSE_OPT=1 -D_CRT_NONSTDC_NO_DEPRECATE -D_CRT_SECURE_NO_DEPRECATE
  FLAGS = /nologo /DWIN32 /D_WINDOWS /utf-8 /MP  /MD /O2 /Oi /Gy /DNDEBUG /Z7  -MD
  INCLUDES = -IC:\Users\marce\source\repos\PortalDungeon\vcpkg_installed\vcpkg\blds\libpng\src\v1.6.50-13b6aa9451.clean -IC:\Users\marce\source\repos\PortalDungeon\vcpkg_installed\vcpkg\blds\libpng\x64-windows-rel -external:IC:\Users\marce\source\repos\PortalDungeon\vcpkg_installed\x64-windows\include -external:W0
  OBJECT_DIR = CMakeFiles\png_shared.dir
  OBJECT_FILE_DIR = CMakeFiles\png_shared.dir
  TARGET_COMPILE_PDB = CMakeFiles\png_shared.dir\
  TARGET_PDB = libpng16.pdb
  TARGET_SUPPORT_DIR = CMakeFiles\png_shared.dir

build CMakeFiles\png_shared.dir\pngget.c.obj: C_COMPILER__png_shared_unscanned_Release C$:\Users\marce\source\repos\PortalDungeon\vcpkg_installed\vcpkg\blds\libpng\src\v1.6.50-13b6aa9451.clean\pngget.c || cmake_object_order_depends_target_png_shared
  CONFIG = Release
  DEFINES = -DPNG_BUILD_DLL -DPNG_INTEL_SSE_OPT=1 -D_CRT_NONSTDC_NO_DEPRECATE -D_CRT_SECURE_NO_DEPRECATE
  FLAGS = /nologo /DWIN32 /D_WINDOWS /utf-8 /MP  /MD /O2 /Oi /Gy /DNDEBUG /Z7  -MD
  INCLUDES = -IC:\Users\marce\source\repos\PortalDungeon\vcpkg_installed\vcpkg\blds\libpng\src\v1.6.50-13b6aa9451.clean -IC:\Users\marce\source\repos\PortalDungeon\vcpkg_installed\vcpkg\blds\libpng\x64-windows-rel -external:IC:\Users\marce\source\repos\PortalDungeon\vcpkg_installed\x64-windows\include -external:W0
  OBJECT_DIR = CMakeFiles\png_shared.dir
  OBJECT_FILE_DIR = CMakeFiles\png_shared.dir
  TARGET_COMPILE_PDB = CMakeFiles\png_shared.dir\
  TARGET_PDB = libpng16.pdb
  TARGET_SUPPORT_DIR = CMakeFiles\png_shared.dir

build CMakeFiles\png_shared.dir\pngmem.c.obj: C_COMPILER__png_shared_unscanned_Release C$:\Users\marce\source\repos\PortalDungeon\vcpkg_installed\vcpkg\blds\libpng\src\v1.6.50-13b6aa9451.clean\pngmem.c || cmake_object_order_depends_target_png_shared
  CONFIG = Release
  DEFINES = -DPNG_BUILD_DLL -DPNG_INTEL_SSE_OPT=1 -D_CRT_NONSTDC_NO_DEPRECATE -D_CRT_SECURE_NO_DEPRECATE
  FLAGS = /nologo /DWIN32 /D_WINDOWS /utf-8 /MP  /MD /O2 /Oi /Gy /DNDEBUG /Z7  -MD
  INCLUDES = -IC:\Users\marce\source\repos\PortalDungeon\vcpkg_installed\vcpkg\blds\libpng\src\v1.6.50-13b6aa9451.clean -IC:\Users\marce\source\repos\PortalDungeon\vcpkg_installed\vcpkg\blds\libpng\x64-windows-rel -external:IC:\Users\marce\source\repos\PortalDungeon\vcpkg_installed\x64-windows\include -external:W0
  OBJECT_DIR = CMakeFiles\png_shared.dir
  OBJECT_FILE_DIR = CMakeFiles\png_shared.dir
  TARGET_COMPILE_PDB = CMakeFiles\png_shared.dir\
  TARGET_PDB = libpng16.pdb
  TARGET_SUPPORT_DIR = CMakeFiles\png_shared.dir

build CMakeFiles\png_shared.dir\pngpread.c.obj: C_COMPILER__png_shared_unscanned_Release C$:\Users\marce\source\repos\PortalDungeon\vcpkg_installed\vcpkg\blds\libpng\src\v1.6.50-13b6aa9451.clean\pngpread.c || cmake_object_order_depends_target_png_shared
  CONFIG = Release
  DEFINES = -DPNG_BUILD_DLL -DPNG_INTEL_SSE_OPT=1 -D_CRT_NONSTDC_NO_DEPRECATE -D_CRT_SECURE_NO_DEPRECATE
  FLAGS = /nologo /DWIN32 /D_WINDOWS /utf-8 /MP  /MD /O2 /Oi /Gy /DNDEBUG /Z7  -MD
  INCLUDES = -IC:\Users\marce\source\repos\PortalDungeon\vcpkg_installed\vcpkg\blds\libpng\src\v1.6.50-13b6aa9451.clean -IC:\Users\marce\source\repos\PortalDungeon\vcpkg_installed\vcpkg\blds\libpng\x64-windows-rel -external:IC:\Users\marce\source\repos\PortalDungeon\vcpkg_installed\x64-windows\include -external:W0
  OBJECT_DIR = CMakeFiles\png_shared.dir
  OBJECT_FILE_DIR = CMakeFiles\png_shared.dir
  TARGET_COMPILE_PDB = CMakeFiles\png_shared.dir\
  TARGET_PDB = libpng16.pdb
  TARGET_SUPPORT_DIR = CMakeFiles\png_shared.dir

build CMakeFiles\png_shared.dir\pngread.c.obj: C_COMPILER__png_shared_unscanned_Release C$:\Users\marce\source\repos\PortalDungeon\vcpkg_installed\vcpkg\blds\libpng\src\v1.6.50-13b6aa9451.clean\pngread.c || cmake_object_order_depends_target_png_shared
  CONFIG = Release
  DEFINES = -DPNG_BUILD_DLL -DPNG_INTEL_SSE_OPT=1 -D_CRT_NONSTDC_NO_DEPRECATE -D_CRT_SECURE_NO_DEPRECATE
  FLAGS = /nologo /DWIN32 /D_WINDOWS /utf-8 /MP  /MD /O2 /Oi /Gy /DNDEBUG /Z7  -MD
  INCLUDES = -IC:\Users\marce\source\repos\PortalDungeon\vcpkg_installed\vcpkg\blds\libpng\src\v1.6.50-13b6aa9451.clean -IC:\Users\marce\source\repos\PortalDungeon\vcpkg_installed\vcpkg\blds\libpng\x64-windows-rel -external:IC:\Users\marce\source\repos\PortalDungeon\vcpkg_installed\x64-windows\include -external:W0
  OBJECT_DIR = CMakeFiles\png_shared.dir
  OBJECT_FILE_DIR = CMakeFiles\png_shared.dir
  TARGET_COMPILE_PDB = CMakeFiles\png_shared.dir\
  TARGET_PDB = libpng16.pdb
  TARGET_SUPPORT_DIR = CMakeFiles\png_shared.dir

build CMakeFiles\png_shared.dir\pngrio.c.obj: C_COMPILER__png_shared_unscanned_Release C$:\Users\marce\source\repos\PortalDungeon\vcpkg_installed\vcpkg\blds\libpng\src\v1.6.50-13b6aa9451.clean\pngrio.c || cmake_object_order_depends_target_png_shared
  CONFIG = Release
  DEFINES = -DPNG_BUILD_DLL -DPNG_INTEL_SSE_OPT=1 -D_CRT_NONSTDC_NO_DEPRECATE -D_CRT_SECURE_NO_DEPRECATE
  FLAGS = /nologo /DWIN32 /D_WINDOWS /utf-8 /MP  /MD /O2 /Oi /Gy /DNDEBUG /Z7  -MD
  INCLUDES = -IC:\Users\marce\source\repos\PortalDungeon\vcpkg_installed\vcpkg\blds\libpng\src\v1.6.50-13b6aa9451.clean -IC:\Users\marce\source\repos\PortalDungeon\vcpkg_installed\vcpkg\blds\libpng\x64-windows-rel -external:IC:\Users\marce\source\repos\PortalDungeon\vcpkg_installed\x64-windows\include -external:W0
  OBJECT_DIR = CMakeFiles\png_shared.dir
  OBJECT_FILE_DIR = CMakeFiles\png_shared.dir
  TARGET_COMPILE_PDB = CMakeFiles\png_shared.dir\
  TARGET_PDB = libpng16.pdb
  TARGET_SUPPORT_DIR = CMakeFiles\png_shared.dir

build CMakeFiles\png_shared.dir\pngrtran.c.obj: C_COMPILER__png_shared_unscanned_Release C$:\Users\marce\source\repos\PortalDungeon\vcpkg_installed\vcpkg\blds\libpng\src\v1.6.50-13b6aa9451.clean\pngrtran.c || cmake_object_order_depends_target_png_shared
  CONFIG = Release
  DEFINES = -DPNG_BUILD_DLL -DPNG_INTEL_SSE_OPT=1 -D_CRT_NONSTDC_NO_DEPRECATE -D_CRT_SECURE_NO_DEPRECATE
  FLAGS = /nologo /DWIN32 /D_WINDOWS /utf-8 /MP  /MD /O2 /Oi /Gy /DNDEBUG /Z7  -MD
  INCLUDES = -IC:\Users\marce\source\repos\PortalDungeon\vcpkg_installed\vcpkg\blds\libpng\src\v1.6.50-13b6aa9451.clean -IC:\Users\marce\source\repos\PortalDungeon\vcpkg_installed\vcpkg\blds\libpng\x64-windows-rel -external:IC:\Users\marce\source\repos\PortalDungeon\vcpkg_installed\x64-windows\include -external:W0
  OBJECT_DIR = CMakeFiles\png_shared.dir
  OBJECT_FILE_DIR = CMakeFiles\png_shared.dir
  TARGET_COMPILE_PDB = CMakeFiles\png_shared.dir\
  TARGET_PDB = libpng16.pdb
  TARGET_SUPPORT_DIR = CMakeFiles\png_shared.dir

build CMakeFiles\png_shared.dir\pngrutil.c.obj: C_COMPILER__png_shared_unscanned_Release C$:\Users\marce\source\repos\PortalDungeon\vcpkg_installed\vcpkg\blds\libpng\src\v1.6.50-13b6aa9451.clean\pngrutil.c || cmake_object_order_depends_target_png_shared
  CONFIG = Release
  DEFINES = -DPNG_BUILD_DLL -DPNG_INTEL_SSE_OPT=1 -D_CRT_NONSTDC_NO_DEPRECATE -D_CRT_SECURE_NO_DEPRECATE
  FLAGS = /nologo /DWIN32 /D_WINDOWS /utf-8 /MP  /MD /O2 /Oi /Gy /DNDEBUG /Z7  -MD
  INCLUDES = -IC:\Users\marce\source\repos\PortalDungeon\vcpkg_installed\vcpkg\blds\libpng\src\v1.6.50-13b6aa9451.clean -IC:\Users\marce\source\repos\PortalDungeon\vcpkg_installed\vcpkg\blds\libpng\x64-windows-rel -external:IC:\Users\marce\source\repos\PortalDungeon\vcpkg_installed\x64-windows\include -external:W0
  OBJECT_DIR = CMakeFiles\png_shared.dir
  OBJECT_FILE_DIR = CMakeFiles\png_shared.dir
  TARGET_COMPILE_PDB = CMakeFiles\png_shared.dir\
  TARGET_PDB = libpng16.pdb
  TARGET_SUPPORT_DIR = CMakeFiles\png_shared.dir

build CMakeFiles\png_shared.dir\pngset.c.obj: C_COMPILER__png_shared_unscanned_Release C$:\Users\marce\source\repos\PortalDungeon\vcpkg_installed\vcpkg\blds\libpng\src\v1.6.50-13b6aa9451.clean\pngset.c || cmake_object_order_depends_target_png_shared
  CONFIG = Release
  DEFINES = -DPNG_BUILD_DLL -DPNG_INTEL_SSE_OPT=1 -D_CRT_NONSTDC_NO_DEPRECATE -D_CRT_SECURE_NO_DEPRECATE
  FLAGS = /nologo /DWIN32 /D_WINDOWS /utf-8 /MP  /MD /O2 /Oi /Gy /DNDEBUG /Z7  -MD
  INCLUDES = -IC:\Users\marce\source\repos\PortalDungeon\vcpkg_installed\vcpkg\blds\libpng\src\v1.6.50-13b6aa9451.clean -IC:\Users\marce\source\repos\PortalDungeon\vcpkg_installed\vcpkg\blds\libpng\x64-windows-rel -external:IC:\Users\marce\source\repos\PortalDungeon\vcpkg_installed\x64-windows\include -external:W0
  OBJECT_DIR = CMakeFiles\png_shared.dir
  OBJECT_FILE_DIR = CMakeFiles\png_shared.dir
  TARGET_COMPILE_PDB = CMakeFiles\png_shared.dir\
  TARGET_PDB = libpng16.pdb
  TARGET_SUPPORT_DIR = CMakeFiles\png_shared.dir

build CMakeFiles\png_shared.dir\pngtrans.c.obj: C_COMPILER__png_shared_unscanned_Release C$:\Users\marce\source\repos\PortalDungeon\vcpkg_installed\vcpkg\blds\libpng\src\v1.6.50-13b6aa9451.clean\pngtrans.c || cmake_object_order_depends_target_png_shared
  CONFIG = Release
  DEFINES = -DPNG_BUILD_DLL -DPNG_INTEL_SSE_OPT=1 -D_CRT_NONSTDC_NO_DEPRECATE -D_CRT_SECURE_NO_DEPRECATE
  FLAGS = /nologo /DWIN32 /D_WINDOWS /utf-8 /MP  /MD /O2 /Oi /Gy /DNDEBUG /Z7  -MD
  INCLUDES = -IC:\Users\marce\source\repos\PortalDungeon\vcpkg_installed\vcpkg\blds\libpng\src\v1.6.50-13b6aa9451.clean -IC:\Users\marce\source\repos\PortalDungeon\vcpkg_installed\vcpkg\blds\libpng\x64-windows-rel -external:IC:\Users\marce\source\repos\PortalDungeon\vcpkg_installed\x64-windows\include -external:W0
  OBJECT_DIR = CMakeFiles\png_shared.dir
  OBJECT_FILE_DIR = CMakeFiles\png_shared.dir
  TARGET_COMPILE_PDB = CMakeFiles\png_shared.dir\
  TARGET_PDB = libpng16.pdb
  TARGET_SUPPORT_DIR = CMakeFiles\png_shared.dir

build CMakeFiles\png_shared.dir\pngwio.c.obj: C_COMPILER__png_shared_unscanned_Release C$:\Users\marce\source\repos\PortalDungeon\vcpkg_installed\vcpkg\blds\libpng\src\v1.6.50-13b6aa9451.clean\pngwio.c || cmake_object_order_depends_target_png_shared
  CONFIG = Release
  DEFINES = -DPNG_BUILD_DLL -DPNG_INTEL_SSE_OPT=1 -D_CRT_NONSTDC_NO_DEPRECATE -D_CRT_SECURE_NO_DEPRECATE
  FLAGS = /nologo /DWIN32 /D_WINDOWS /utf-8 /MP  /MD /O2 /Oi /Gy /DNDEBUG /Z7  -MD
  INCLUDES = -IC:\Users\marce\source\repos\PortalDungeon\vcpkg_installed\vcpkg\blds\libpng\src\v1.6.50-13b6aa9451.clean -IC:\Users\marce\source\repos\PortalDungeon\vcpkg_installed\vcpkg\blds\libpng\x64-windows-rel -external:IC:\Users\marce\source\repos\PortalDungeon\vcpkg_installed\x64-windows\include -external:W0
  OBJECT_DIR = CMakeFiles\png_shared.dir
  OBJECT_FILE_DIR = CMakeFiles\png_shared.dir
  TARGET_COMPILE_PDB = CMakeFiles\png_shared.dir\
  TARGET_PDB = libpng16.pdb
  TARGET_SUPPORT_DIR = CMakeFiles\png_shared.dir

build CMakeFiles\png_shared.dir\pngwrite.c.obj: C_COMPILER__png_shared_unscanned_Release C$:\Users\marce\source\repos\PortalDungeon\vcpkg_installed\vcpkg\blds\libpng\src\v1.6.50-13b6aa9451.clean\pngwrite.c || cmake_object_order_depends_target_png_shared
  CONFIG = Release
  DEFINES = -DPNG_BUILD_DLL -DPNG_INTEL_SSE_OPT=1 -D_CRT_NONSTDC_NO_DEPRECATE -D_CRT_SECURE_NO_DEPRECATE
  FLAGS = /nologo /DWIN32 /D_WINDOWS /utf-8 /MP  /MD /O2 /Oi /Gy /DNDEBUG /Z7  -MD
  INCLUDES = -IC:\Users\marce\source\repos\PortalDungeon\vcpkg_installed\vcpkg\blds\libpng\src\v1.6.50-13b6aa9451.clean -IC:\Users\marce\source\repos\PortalDungeon\vcpkg_installed\vcpkg\blds\libpng\x64-windows-rel -external:IC:\Users\marce\source\repos\PortalDungeon\vcpkg_installed\x64-windows\include -external:W0
  OBJECT_DIR = CMakeFiles\png_shared.dir
  OBJECT_FILE_DIR = CMakeFiles\png_shared.dir
  TARGET_COMPILE_PDB = CMakeFiles\png_shared.dir\
  TARGET_PDB = libpng16.pdb
  TARGET_SUPPORT_DIR = CMakeFiles\png_shared.dir

build CMakeFiles\png_shared.dir\pngwtran.c.obj: C_COMPILER__png_shared_unscanned_Release C$:\Users\marce\source\repos\PortalDungeon\vcpkg_installed\vcpkg\blds\libpng\src\v1.6.50-13b6aa9451.clean\pngwtran.c || cmake_object_order_depends_target_png_shared
  CONFIG = Release
  DEFINES = -DPNG_BUILD_DLL -DPNG_INTEL_SSE_OPT=1 -D_CRT_NONSTDC_NO_DEPRECATE -D_CRT_SECURE_NO_DEPRECATE
  FLAGS = /nologo /DWIN32 /D_WINDOWS /utf-8 /MP  /MD /O2 /Oi /Gy /DNDEBUG /Z7  -MD
  INCLUDES = -IC:\Users\marce\source\repos\PortalDungeon\vcpkg_installed\vcpkg\blds\libpng\src\v1.6.50-13b6aa9451.clean -IC:\Users\marce\source\repos\PortalDungeon\vcpkg_installed\vcpkg\blds\libpng\x64-windows-rel -external:IC:\Users\marce\source\repos\PortalDungeon\vcpkg_installed\x64-windows\include -external:W0
  OBJECT_DIR = CMakeFiles\png_shared.dir
  OBJECT_FILE_DIR = CMakeFiles\png_shared.dir
  TARGET_COMPILE_PDB = CMakeFiles\png_shared.dir\
  TARGET_PDB = libpng16.pdb
  TARGET_SUPPORT_DIR = CMakeFiles\png_shared.dir

build CMakeFiles\png_shared.dir\pngwutil.c.obj: C_COMPILER__png_shared_unscanned_Release C$:\Users\marce\source\repos\PortalDungeon\vcpkg_installed\vcpkg\blds\libpng\src\v1.6.50-13b6aa9451.clean\pngwutil.c || cmake_object_order_depends_target_png_shared
  CONFIG = Release
  DEFINES = -DPNG_BUILD_DLL -DPNG_INTEL_SSE_OPT=1 -D_CRT_NONSTDC_NO_DEPRECATE -D_CRT_SECURE_NO_DEPRECATE
  FLAGS = /nologo /DWIN32 /D_WINDOWS /utf-8 /MP  /MD /O2 /Oi /Gy /DNDEBUG /Z7  -MD
  INCLUDES = -IC:\Users\marce\source\repos\PortalDungeon\vcpkg_installed\vcpkg\blds\libpng\src\v1.6.50-13b6aa9451.clean -IC:\Users\marce\source\repos\PortalDungeon\vcpkg_installed\vcpkg\blds\libpng\x64-windows-rel -external:IC:\Users\marce\source\repos\PortalDungeon\vcpkg_installed\x64-windows\include -external:W0
  OBJECT_DIR = CMakeFiles\png_shared.dir
  OBJECT_FILE_DIR = CMakeFiles\png_shared.dir
  TARGET_COMPILE_PDB = CMakeFiles\png_shared.dir\
  TARGET_PDB = libpng16.pdb
  TARGET_SUPPORT_DIR = CMakeFiles\png_shared.dir

build CMakeFiles\png_shared.dir\intel\intel_init.c.obj: C_COMPILER__png_shared_unscanned_Release C$:\Users\marce\source\repos\PortalDungeon\vcpkg_installed\vcpkg\blds\libpng\src\v1.6.50-13b6aa9451.clean\intel\intel_init.c || cmake_object_order_depends_target_png_shared
  CONFIG = Release
  DEFINES = -DPNG_BUILD_DLL -DPNG_INTEL_SSE_OPT=1 -D_CRT_NONSTDC_NO_DEPRECATE -D_CRT_SECURE_NO_DEPRECATE
  FLAGS = /nologo /DWIN32 /D_WINDOWS /utf-8 /MP  /MD /O2 /Oi /Gy /DNDEBUG /Z7  -MD
  INCLUDES = -IC:\Users\marce\source\repos\PortalDungeon\vcpkg_installed\vcpkg\blds\libpng\src\v1.6.50-13b6aa9451.clean -IC:\Users\marce\source\repos\PortalDungeon\vcpkg_installed\vcpkg\blds\libpng\x64-windows-rel -external:IC:\Users\marce\source\repos\PortalDungeon\vcpkg_installed\x64-windows\include -external:W0
  OBJECT_DIR = CMakeFiles\png_shared.dir
  OBJECT_FILE_DIR = CMakeFiles\png_shared.dir\intel
  TARGET_COMPILE_PDB = CMakeFiles\png_shared.dir\
  TARGET_PDB = libpng16.pdb
  TARGET_SUPPORT_DIR = CMakeFiles\png_shared.dir

build CMakeFiles\png_shared.dir\intel\filter_sse2_intrinsics.c.obj: C_COMPILER__png_shared_unscanned_Release C$:\Users\marce\source\repos\PortalDungeon\vcpkg_installed\vcpkg\blds\libpng\src\v1.6.50-13b6aa9451.clean\intel\filter_sse2_intrinsics.c || cmake_object_order_depends_target_png_shared
  CONFIG = Release
  DEFINES = -DPNG_BUILD_DLL -DPNG_INTEL_SSE_OPT=1 -D_CRT_NONSTDC_NO_DEPRECATE -D_CRT_SECURE_NO_DEPRECATE
  FLAGS = /nologo /DWIN32 /D_WINDOWS /utf-8 /MP  /MD /O2 /Oi /Gy /DNDEBUG /Z7  -MD
  INCLUDES = -IC:\Users\marce\source\repos\PortalDungeon\vcpkg_installed\vcpkg\blds\libpng\src\v1.6.50-13b6aa9451.clean -IC:\Users\marce\source\repos\PortalDungeon\vcpkg_installed\vcpkg\blds\libpng\x64-windows-rel -external:IC:\Users\marce\source\repos\PortalDungeon\vcpkg_installed\x64-windows\include -external:W0
  OBJECT_DIR = CMakeFiles\png_shared.dir
  OBJECT_FILE_DIR = CMakeFiles\png_shared.dir\intel
  TARGET_COMPILE_PDB = CMakeFiles\png_shared.dir\
  TARGET_PDB = libpng16.pdb
  TARGET_SUPPORT_DIR = CMakeFiles\png_shared.dir


# =============================================================================
# Link build statements for SHARED_LIBRARY target png_shared


#############################################
# Link the shared library libpng16.dll

build libpng16.dll libpng16.lib: C_SHARED_LIBRARY_LINKER__png_shared_Release CMakeFiles\png_shared.dir\png.c.obj CMakeFiles\png_shared.dir\pngerror.c.obj CMakeFiles\png_shared.dir\pngget.c.obj CMakeFiles\png_shared.dir\pngmem.c.obj CMakeFiles\png_shared.dir\pngpread.c.obj CMakeFiles\png_shared.dir\pngread.c.obj CMakeFiles\png_shared.dir\pngrio.c.obj CMakeFiles\png_shared.dir\pngrtran.c.obj CMakeFiles\png_shared.dir\pngrutil.c.obj CMakeFiles\png_shared.dir\pngset.c.obj CMakeFiles\png_shared.dir\pngtrans.c.obj CMakeFiles\png_shared.dir\pngwio.c.obj CMakeFiles\png_shared.dir\pngwrite.c.obj CMakeFiles\png_shared.dir\pngwtran.c.obj CMakeFiles\png_shared.dir\pngwutil.c.obj CMakeFiles\png_shared.dir\intel\intel_init.c.obj CMakeFiles\png_shared.dir\intel\filter_sse2_intrinsics.c.obj | C$:\Users\marce\source\repos\PortalDungeon\vcpkg_installed\x64-windows\lib\zlib.lib || png_genfiles
  CONFIG = Release
  LANGUAGE_COMPILE_FLAGS = /nologo /DWIN32 /D_WINDOWS /utf-8 /MP  /MD /O2 /Oi /Gy /DNDEBUG /Z7  -MD
  LINK_FLAGS = /machine:x64 /nologo /DEBUG /INCREMENTAL:NO /OPT:REF /OPT:ICF
  LINK_LIBRARIES = C:\Users\marce\source\repos\PortalDungeon\vcpkg_installed\x64-windows\lib\zlib.lib  kernel32.lib user32.lib gdi32.lib winspool.lib shell32.lib ole32.lib oleaut32.lib uuid.lib comdlg32.lib advapi32.lib
  OBJECT_DIR = CMakeFiles\png_shared.dir
  POST_BUILD = cd .
  PRE_LINK = cd .
  RESTAT = 1
  TARGET_COMPILE_PDB = CMakeFiles\png_shared.dir\
  TARGET_FILE = libpng16.dll
  TARGET_IMPLIB = libpng16.lib
  TARGET_PDB = libpng16.pdb
  TARGET_SUPPORT_DIR = CMakeFiles\png_shared.dir


#############################################
# Utility command for edit_cache

build CMakeFiles\edit_cache.util: CUSTOM_COMMAND
  COMMAND = C:\WINDOWS\system32\cmd.exe /C "cd /D C:\Users\marce\source\repos\PortalDungeon\vcpkg_installed\vcpkg\blds\libpng\x64-windows-rel && "C:\Program Files\Microsoft Visual Studio\18\Community\Common7\IDE\CommonExtensions\Microsoft\CMake\CMake\bin\cmake.exe" -E echo "No interactive CMake dialog available.""
  DESC = No interactive CMake dialog available...
  restat = 1

build edit_cache: phony CMakeFiles\edit_cache.util


#############################################
# Utility command for rebuild_cache

build CMakeFiles\rebuild_cache.util: CUSTOM_COMMAND
  COMMAND = C:\WINDOWS\system32\cmd.exe /C "cd /D C:\Users\marce\source\repos\PortalDungeon\vcpkg_installed\vcpkg\blds\libpng\x64-windows-rel && "C:\Program Files\Microsoft Visual Studio\18\Community\Common7\IDE\CommonExtensions\Microsoft\CMake\CMake\bin\cmake.exe" --regenerate-during-build -SC:\Users\marce\source\repos\PortalDungeon\vcpkg_installed\vcpkg\blds\libpng\src\v1.6.50-13b6aa9451.clean -BC:\Users\marce\source\repos\PortalDungeon\vcpkg_installed\vcpkg\blds\libpng\x64-windows-rel"
  DESC = Running CMake to regenerate build system...
  pool = console
  restat = 1

build rebuild_cache: phony CMakeFiles\rebuild_cache.util


#############################################
# Utility command for list_install_components

build list_install_components: phony


#############################################
# Utility command for install

build CMakeFiles\install.util: CUSTOM_COMMAND all
  COMMAND = C:\WINDOWS\system32\cmd.exe /C "cd /D C:\Users\marce\source\repos\PortalDungeon\vcpkg_installed\vcpkg\blds\libpng\x64-windows-rel && "C:\Program Files\Microsoft Visual Studio\18\Community\Common7\IDE\CommonExtensions\Microsoft\CMake\CMake\bin\cmake.exe" -P cmake_install.cmake"
  DESC = Install the project...
  pool = console
  restat = 1

build install: phony CMakeFiles\install.util


#############################################
# Utility command for install/local

build CMakeFiles\install\local.util: CUSTOM_COMMAND all
  COMMAND = C:\WINDOWS\system32\cmd.exe /C "cd /D C:\Users\marce\source\repos\PortalDungeon\vcpkg_installed\vcpkg\blds\libpng\x64-windows-rel && "C:\Program Files\Microsoft Visual Studio\18\Community\Common7\IDE\CommonExtensions\Microsoft\CMake\CMake\bin\cmake.exe" -DCMAKE_INSTALL_LOCAL_ONLY=1 -P cmake_install.cmake"
  DESC = Installing only the local directory...
  pool = console
  restat = 1

build install\local: phony CMakeFiles\install\local.util

# =============================================================================
# Target aliases.

build png_shared: phony libpng16.dll

# =============================================================================
# Folder targets.

# =============================================================================

#############################################
# Folder: C:/Users/marce/source/repos/PortalDungeon/vcpkg_installed/vcpkg/blds/libpng/x64-windows-rel

build codegen: phony

# =============================================================================

#############################################
# Folder: C:/Users/marce/source/repos/PortalDungeon/vcpkg_installed/vcpkg/blds/libpng/x64-windows-rel

build all: phony libpng16.dll

# =============================================================================
# Built-in targets


#############################################
# Re-run CMake if any of its inputs changed.

build build.ninja C$:\Users\marce\source\repos\PortalDungeon\vcpkg_installed\vcpkg\blds\libpng\x64-windows-rel\cmake_install.cmake: RERUN_CMAKE | C$:\Program$ Files\Microsoft$ Visual$ Studio\18\Community\Common7\IDE\CommonExtensions\Microsoft\CMake\CMake\share\cmake-4.2\Modules\BasicConfigVersion-SameMinorVersion.cmake.in C$:\Program$ Files\Microsoft$ Visual$ Studio\18\Community\Common7\IDE\CommonExtensions\Microsoft\CMake\CMake\share\cmake-4.2\Modules\CMakeASMCompiler.cmake.in C$:\Program$ Files\Microsoft$ Visual$ Studio\18\Community\Common7\IDE\CommonExtensions\Microsoft\CMake\CMake\share\cmake-4.2\Modules\CMakeASMInformation.cmake C$:\Program$ Files\Microsoft$ Visual$ Studio\18\Community\Common7\IDE\CommonExtensions\Microsoft\CMake\CMake\share\cmake-4.2\Modules\CMakeCCompiler.cmake.in C$:\Program$ Files\Microsoft$ Visual$ Studio\18\Community\Common7\IDE\CommonExtensions\Microsoft\CMake\CMake\share\cmake-4.2\Modules\CMakeCCompilerABI.c C$:\Program$ Files\Microsoft$ Visual$ Studio\18\Community\Common7\IDE\CommonExtensions\Microsoft\CMake\CMake\share\cmake-4.2\Modules\CMakeCInformation.cmake C$:\Program$ Files\Microsoft$ Visual$ Studio\18\Community\Common7\IDE\CommonExtensions\Microsoft\CMake\CMake\share\cmake-4.2\Modules\CMakeCommonLanguageInclude.cmake C$:\Program$ Files\Microsoft$ Visual$ Studio\18\Community\Common7\IDE\CommonExtensions\Microsoft\CMake\CMake\share\cmake-4.2\Modules\CMakeCompilerIdDetection.cmake C$:\Program$ Files\Microsoft$ Visual$ Studio\18\Community\Common7\IDE\CommonExtensions\Microsoft\CMake\CMake\share\cmake-4.2\Modules\CMakeDependentOption.cmake C$:\Program$ Files\Microsoft$ Visual$ Studio\18\Community\Common7\IDE\CommonExtensions\Microsoft\CMake\CMake\share\cmake-4.2\Modules\CMakeDetermineASMCompiler.cmake C$:\Program$ Files\Microsoft$ Visual$ Studio\18\Community\Common7\IDE\CommonExtensions\Microsoft\CMake\CMake\share\cmake-4.2\Modules\CMakeDetermineCCompiler.cmake C$:\Program$ Files\Microsoft$ Visual$ Studio\18\Community\Common7\IDE\CommonExtensions\Microsoft\CMake\CMake\share\cmake-4.2\Modules\CMakeDetermineCompiler.cmake C$:\Program$ Files\Microsoft$ Visual$ Studio\18\Community\Common7\IDE\CommonExtensions\Microsoft\CMake\CMake\share\cmake-4.2\Modules\CMakeDetermineCompilerABI.cmake C$:\Program$ Files\Microsoft$ Visual$ Studio\18\Community\Common7\IDE\CommonExtensions\Microsoft\CMake\CMake\share\cmake-4.2\Modules\CMakeDetermineCompilerId.cmake C$:\Program$ Files\Microsoft$ Visual$ Studio\18\Community\Common7\IDE\CommonExtensions\Microsoft\CMake\CMake\share\cmake-4.2\Modules\CMakeDetermineCompilerSupport.cmake C$:\Program$ Files\Microsoft$ Visual$ Studio\18\Community\Common7\IDE\CommonExtensions\Microsoft\CMake\CMake\share\cmake-4.2\Modules\CMakeDetermineRCCompiler.cmake C$:\Program$ Files\Microsoft$ Visual$ Studio\18\Community\Common7\IDE\CommonExtensions\Microsoft\CMake\CMake\share\cmake-4.2\Modules\CMakeDetermineSystem.cmake C$:\Program$ Files\Microsoft$ Visual$ Studio\18\Community\Common7\IDE\CommonExtensions\Microsoft\CMake\CMake\share\cmake-4.2\Modules\CMakeFindBinUtils.cmake C$:\Program$ Files\Microsoft$ Visual$ Studio\18\Community\Common7\IDE\CommonExtensions\Microsoft\CMake\CMake\share\cmake-4.2\Modules\CMakeGenericSystem.cmake C$:\Program$ Files\Microsoft$ Visual$ Studio\18\Community\Common7\IDE\CommonExtensions\Microsoft\CMake\CMake\share\cmake-4.2\Modules\CMakeInitializeConfigs.cmake C$:\Program$ Files\Microsoft$ Visual$ Studio\18\Community\Common7\IDE\CommonExtensions\Microsoft\CMake\CMake\share\cmake-4.2\Modules\CMakeLanguageInformation.cmake C$:\Program$ Files\Microsoft$ Visual$ Studio\18\Community\Common7\IDE\CommonExtensions\Microsoft\CMake\CMake\share\cmake-4.2\Modules\CMakePackageConfigHelpers.cmake C$:\Program$ Files\Microsoft$ Visual$ Studio\18\Community\Common7\IDE\CommonExtensions\Microsoft\CMake\CMake\share\cmake-4.2\Modules\CMakeParseImplicitIncludeInfo.cmake C$:\Program$ Files\Microsoft$ Visual$ Studio\18\Community\Common7\IDE\CommonExtensions\Microsoft\CMake\CMake\share\cmake-4.2\Modules\CMakeParseImplicitLinkInfo.cmake C$:\Program$ Files\Microsoft$ Visual$ Studio\18\Community\Common7\IDE\CommonExtensions\Microsoft\CMake\CMake\share\cmake-4.2\Modules\CMakeParseLibraryArchitecture.cmake C$:\Program$ Files\Microsoft$ Visual$ Studio\18\Community\Common7\IDE\CommonExtensions\Microsoft\CMake\CMake\share\cmake-4.2\Modules\CMakeRCCompiler.cmake.in C$:\Program$ Files\Microsoft$ Visual$ Studio\18\Community\Common7\IDE\CommonExtensions\Microsoft\CMake\CMake\share\cmake-4.2\Modules\CMakeRCInformation.cmake C$:\Program$ Files\Microsoft$ Visual$ Studio\18\Community\Common7\IDE\CommonExtensions\Microsoft\CMake\CMake\share\cmake-4.2\Modules\CMakeSystem.cmake.in C$:\Program$ Files\Microsoft$ Visual$ Studio\18\Community\Common7\IDE\CommonExtensions\Microsoft\CMake\CMake\share\cmake-4.2\Modules\CMakeSystemSpecificInformation.cmake C$:\Program$ Files\Microsoft$ Visual$ Studio\18\Community\Common7\IDE\CommonExtensions\Microsoft\CMake\CMake\share\cmake-4.2\Modules\CMakeSystemSpecificInitialize.cmake C$:\Program$ Files\Microsoft$ Visual$ Studio\18\Community\Common7\IDE\CommonExtensions\Microsoft\CMake\CMake\share\cmake-4.2\Modules\CMakeTestASMCompiler.cmake C$:\Program$ Files\Microsoft$ Visual$ Studio\18\Community\Common7\IDE\CommonExtensions\Microsoft\CMake\CMake\share\cmake-4.2\Modules\CMakeTestCCompiler.cmake C$:\Program$ Files\Microsoft$ Visual$ Studio\18\Community\Common7\IDE\CommonExtensions\Microsoft\CMake\CMake\share\cmake-4.2\Modules\CMakeTestCompilerCommon.cmake C$:\Program$ Files\Microsoft$ Visual$ Studio\18\Community\Common7\IDE\CommonExtensions\Microsoft\CMake\CMake\share\cmake-4.2\Modules\CMakeTestRCCompiler.cmake C$:\Program$ Files\Microsoft$ Visual$ Studio\18\Community\Common7\IDE\CommonExtensions\Microsoft\CMake\CMake\share\cmake-4.2\Modules\CheckCSourceCompiles.cmake C$:\Program$ Files\Microsoft$ Visual$ Studio\18\Community\Common7\IDE\CommonExtensions\Microsoft\CMake\CMake\share\cmake-4.2\Modules\CheckLibraryExists.cmake C$:\Program$ Files\Microsoft$ Visual$ Studio\18\Community\Common7\IDE\CommonExtensions\Microsoft\CMake\CMake\share\cmake-4.2\Modules\Compiler\ADSP-DetermineCompiler.cmake C$:\Program$ Files\Microsoft$ Visual$ Studio\18\Community\Common7\IDE\CommonExtensions\Microsoft\CMake\CMake\share\cmake-4.2\Modules\Compiler\ARMCC-DetermineCompiler.cmake C$:\Program$ Files\Microsoft$ Visual$ Studio\18\Community\Common7\IDE\CommonExtensions\Microsoft\CMake\CMake\share\cmake-4.2\Modules\Compiler\ARMClang-DetermineCompiler.cmake C$:\Program$ Files\Microsoft$ Visual$ Studio\18\Community\Common7\IDE\CommonExtensions\Microsoft\CMake\CMake\share\cmake-4.2\Modules\Compiler\AppleClang-DetermineCompiler.cmake C$:\Program$ Files\Microsoft$ Visual$ Studio\18\Community\Common7\IDE\CommonExtensions\Microsoft\CMake\CMake\share\cmake-4.2\Modules\Compiler\Borland-DetermineCompiler.cmake C$:\Program$ Files\Microsoft$ Visual$ Studio\18\Community\Common7\IDE\CommonExtensions\Microsoft\CMake\CMake\share\cmake-4.2\Modules\Compiler\Bruce-C-DetermineCompiler.cmake C$:\Program$ Files\Microsoft$ Visual$ Studio\18\Community\Common7\IDE\CommonExtensions\Microsoft\CMake\CMake\share\cmake-4.2\Modules\Compiler\CMakeCommonCompilerMacros.cmake C$:\Program$ Files\Microsoft$ Visual$ Studio\18\Community\Common7\IDE\CommonExtensions\Microsoft\CMake\CMake\share\cmake-4.2\Modules\Compiler\Clang-DetermineCompiler.cmake C$:\Program$ Files\Microsoft$ Visual$ Studio\18\Community\Common7\IDE\CommonExtensions\Microsoft\CMake\CMake\share\cmake-4.2\Modules\Compiler\Clang-DetermineCompilerInternal.cmake C$:\Program$ Files\Microsoft$ Visual$ Studio\18\Community\Common7\IDE\CommonExtensions\Microsoft\CMake\CMake\share\cmake-4.2\Modules\Compiler\Compaq-C-DetermineCompiler.cmake C$:\Program$ Files\Microsoft$ Visual$ Studio\18\Community\Common7\IDE\CommonExtensions\Microsoft\CMake\CMake\share\cmake-4.2\Modules\Compiler\Cray-DetermineCompiler.cmake C$:\Program$ Files\Microsoft$ Visual$ Studio\18\Community\Common7\IDE\CommonExtensions\Microsoft\CMake\CMake\share\cmake-4.2\Modules\Compiler\CrayClang-DetermineCompiler.cmake C$:\Program$ Files\Microsoft$ Visual$ Studio\18\Community\Common7\IDE\CommonExtensions\Microsoft\CMake\CMake\share\cmake-4.2\Modules\Compiler\Diab-DetermineCompiler.cmake C$:\Program$ Files\Microsoft$ Visual$ Studio\18\Community\Common7\IDE\CommonExtensions\Microsoft\CMake\CMake\share\cmake-4.2\Modules\Compiler\Embarcadero-DetermineCompiler.cmake C$:\Program$ Files\Microsoft$ Visual$ Studio\18\Community\Common7\IDE\CommonExtensions\Microsoft\CMake\CMake\share\cmake-4.2\Modules\Compiler\Fujitsu-DetermineCompiler.cmake C$:\Program$ Files\Microsoft$ Visual$ Studio\18\Community\Common7\IDE\CommonExtensions\Microsoft\CMake\CMake\share\cmake-4.2\Modules\Compiler\FujitsuClang-DetermineCompiler.cmake C$:\Program$ Files\Microsoft$ Visual$ Studio\18\Community\Common7\IDE\CommonExtensions\Microsoft\CMake\CMake\share\cmake-4.2\Modules\Compiler\GHS-DetermineCompiler.cmake C$:\Program$ Files\Microsoft$ Visual$ Studio\18\Community\Common7\IDE\CommonExtensions\Microsoft\CMake\CMake\share\cmake-4.2\Modules\Compiler\GNU-C-DetermineCompiler.cmake C$:\Program$ Files\Microsoft$ Visual$ Studio\18\Community\Common7\IDE\CommonExtensions\Microsoft\CMake\CMake\share\cmake-4.2\Modules\Compiler\HP-C-DetermineCompiler.cmake C$:\Program$ Files\Microsoft$ Visual$ Studio\18\Community\Common7\IDE\CommonExtensions\Microsoft\CMake\CMake\share\cmake-4.2\Modules\Compiler\IAR-DetermineCompiler.cmake C$:\Program$ Files\Microsoft$ Visual$ Studio\18\Community\Common7\IDE\CommonExtensions\Microsoft\CMake\CMake\share\cmake-4.2\Modules\Compiler\IBMCPP-C-DetermineVersionInternal.cmake C$:\Program$ Files\Microsoft$ Visual$ Studio\18\Community\Common7\IDE\CommonExtensions\Microsoft\CMake\CMake\share\cmake-4.2\Modules\Compiler\IBMClang-C-DetermineCompiler.cmake C$:\Program$ Files\Microsoft$ Visual$ Studio\18\Community\Common7\IDE\CommonExtensions\Microsoft\CMake\CMake\share\cmake-4.2\Modules\Compiler\Intel-DetermineCompiler.cmake C$:\Program$ Files\Microsoft$ Visual$ Studio\18\Community\Common7\IDE\CommonExtensions\Microsoft\CMake\CMake\share\cmake-4.2\Modules\Compiler\IntelLLVM-DetermineCompiler.cmake C$:\Program$ Files\Microsoft$ Visual$ Studio\18\Community\Common7\IDE\CommonExtensions\Microsoft\CMake\CMake\share\cmake-4.2\Modules\Compiler\LCC-C-DetermineCompiler.cmake C$:\Program$ Files\Microsoft$ Visual$ Studio\18\Community\Common7\IDE\CommonExtensions\Microsoft\CMake\CMake\share\cmake-4.2\Modules\Compiler\MSVC-ASM.cmake C$:\Program$ Files\Microsoft$ Visual$ Studio\18\Community\Common7\IDE\CommonExtensions\Microsoft\CMake\CMake\share\cmake-4.2\Modules\Compiler\MSVC-C.cmake C$:\Program$ Files\Microsoft$ Visual$ Studio\18\Community\Common7\IDE\CommonExtensions\Microsoft\CMake\CMake\share\cmake-4.2\Modules\Compiler\MSVC-DetermineCompiler.cmake C$:\Program$ Files\Microsoft$ Visual$ Studio\18\Community\Common7\IDE\CommonExtensions\Microsoft\CMake\CMake\share\cmake-4.2\Modules\Compiler\MSVC.cmake C$:\Program$ Files\Microsoft$ Visual$ Studio\18\Community\Common7\IDE\CommonExtensions\Microsoft\CMake\CMake\share\cmake-4.2\Modules\Compiler\NVHPC-DetermineCompiler.cmake C$:\Program$ Files\Microsoft$ Visual$ Studio\18\Community\Common7\IDE\CommonExtensions\Microsoft\CMake\CMake\share\cmake-4.2\Modules\Compiler\NVIDIA-DetermineCompiler.cmake C$:\Program$ Files\Microsoft$ Visual$ Studio\18\Community\Common7\IDE\CommonExtensions\Microsoft\CMake\CMake\share\cmake-4.2\Modules\Compiler\OpenWatcom-DetermineCompiler.cmake C$:\Program$ Files\Microsoft$ Visual$ Studio\18\Community\Common7\IDE\CommonExtensions\Microsoft\CMake\CMake\share\cmake-4.2\Modules\Compiler\OrangeC-DetermineCompiler.cmake C$:\Program$ Files\Microsoft$ Visual$ Studio\18\Community\Common7\IDE\CommonExtensions\Microsoft\CMake\CMake\share\cmake-4.2\Modules\Compiler\PGI-DetermineCompiler.cmake C$:\Program$ Files\Microsoft$ Visual$ Studio\18\Community\Common7\IDE\CommonExtensions\Microsoft\CMake\CMake\share\cmake-4.2\Modules\Compiler\PathScale-DetermineCompiler.cmake C$:\Program$ Files\Microsoft$ Visual$ Studio\18\Community\Common7\IDE\CommonExtensions\Microsoft\CMake\CMake\share\cmake-4.2\Modules\Compiler\Renesas-DetermineCompiler.cmake C$:\Program$ Files\Microsoft$ Visual$ Studio\18\Community\Common7\IDE\CommonExtensions\Microsoft\CMake\CMake\share\cmake-4.2\Modules\Compiler\SCO-DetermineCompiler.cmake C$:\Program$ Files\Microsoft$ Visual$ Studio\18\Community\Common7\IDE\CommonExtensions\Microsoft\CMake\CMake\share\cmake-4.2\Modules\Compiler\SDCC-C-DetermineCompiler.cmake C$:\Program$ Files\Microsoft$ Visual$ Studio\18\Community\Common7\IDE\CommonExtensions\Microsoft\CMake\CMake\share\cmake-4.2\Modules\Compiler\SunPro-C-DetermineCompiler.cmake C$:\Program$ Files\Microsoft$ Visual$ Studio\18\Community\Common7\IDE\CommonExtensions\Microsoft\CMake\CMake\share\cmake-4.2\Modules\Compiler\TI-DetermineCompiler.cmake C$:\Program$ Files\Microsoft$ Visual$ Studio\18\Community\Common7\IDE\CommonExtensions\Microsoft\CMake\CMake\share\cmake-4.2\Modules\Compiler\TIClang-DetermineCompiler.cmake C$:\Program$ Files\Microsoft$ Visual$ Studio\18\Community\Common7\IDE\CommonExtensions\Microsoft\CMake\CMake\share\cmake-4.2\Modules\Compiler\Tasking-DetermineCompiler.cmake C$:\Program$ Files\Microsoft$ Visual$ Studio\18\Community\Common7\IDE\CommonExtensions\Microsoft\CMake\CMake\share\cmake-4.2\Modules\Compiler\TinyCC-C-DetermineCompiler.cmake C$:\Program$ Files\Microsoft$ Visual$ Studio\18\Community\Common7\IDE\CommonExtensions\Microsoft\CMake\CMake\share\cmake-4.2\Modules\Compiler\VisualAge-C-DetermineCompiler.cmake C$:\Program$ Files\Microsoft$ Visual$ Studio\18\Community\Common7\IDE\CommonExtensions\Microsoft\CMake\CMake\share\cmake-4.2\Modules\Compiler\Watcom-DetermineCompiler.cmake C$:\Program$ Files\Microsoft$ Visual$ Studio\18\Community\Common7\IDE\CommonExtensions\Microsoft\CMake\CMake\share\cmake-4.2\Modules\Compiler\XL-C-DetermineCompiler.cmake C$:\Program$ Files\Microsoft$ Visual$ Studio\18\Community\Common7\IDE\CommonExtensions\Microsoft\CMake\CMake\share\cmake-4.2\Modules\Compiler\XLClang-C-DetermineCompiler.cmake C$:\Program$ Files\Microsoft$ Visual$ Studio\18\Community\Common7\IDE\CommonExtensions\Microsoft\CMake\CMake\share\cmake-4.2\Modules\Compiler\zOS-C-DetermineCompiler.cmake C$:\Program$ Files\Microsoft$ Visual$ Studio\18\Community\Common7\IDE\CommonExtensions\Microsoft\CMake\CMake\share\cmake-4.2\Modules\FindPackageHandleStandardArgs.cmake C$:\Program$ Files\Microsoft$ Visual$ Studio\18\Community\Common7\IDE\CommonExtensions\Microsoft\CMake\CMake\share\cmake-4.2\Modules\FindPackageMessage.cmake C$:\Program$ Files\Microsoft$ Visual$ Studio\18\Community\Common7\IDE\CommonExtensions\Microsoft\CMake\CMake\share\cmake-4.2\Modules\FindZLIB.cmake C$:\Program$ Files\Microsoft$ Visual$ Studio\18\Community\Common7\IDE\CommonExtensions\Microsoft\CMake\CMake\share\cmake-4.2\Modules\GNUInstallDirs.cmake C$:\Program$ Files\Microsoft$ Visual$ Studio\18\Community\Common7\IDE\CommonExtensions\Microsoft\CMake\CMake\share\cmake-4.2\Modules\Internal\CMakeASMLinkerInformation.cmake C$:\Program$ Files\Microsoft$ Visual$ Studio\18\Community\Common7\IDE\CommonExtensions\Microsoft\CMake\CMake\share\cmake-4.2\Modules\Internal\CMakeCLinkerInformation.cmake C$:\Program$ Files\Microsoft$ Visual$ Studio\18\Community\Common7\IDE\CommonExtensions\Microsoft\CMake\CMake\share\cmake-4.2\Modules\Internal\CMakeCommonLinkerInformation.cmake C$:\Program$ Files\Microsoft$ Visual$ Studio\18\Community\Common7\IDE\CommonExtensions\Microsoft\CMake\CMake\share\cmake-4.2\Modules\Internal\CMakeDetermineLinkerId.cmake C$:\Program$ Files\Microsoft$ Visual$ Studio\18\Community\Common7\IDE\CommonExtensions\Microsoft\CMake\CMake\share\cmake-4.2\Modules\Internal\CMakeInspectASMLinker.cmake C$:\Program$ Files\Microsoft$ Visual$ Studio\18\Community\Common7\IDE\CommonExtensions\Microsoft\CMake\CMake\share\cmake-4.2\Modules\Internal\CMakeInspectCLinker.cmake C$:\Program$ Files\Microsoft$ Visual$ Studio\18\Community\Common7\IDE\CommonExtensions\Microsoft\CMake\CMake\share\cmake-4.2\Modules\Internal\CheckSourceCompiles.cmake C$:\Program$ Files\Microsoft$ Visual$ Studio\18\Community\Common7\IDE\CommonExtensions\Microsoft\CMake\CMake\share\cmake-4.2\Modules\Internal\FeatureTesting.cmake C$:\Program$ Files\Microsoft$ Visual$ Studio\18\Community\Common7\IDE\CommonExtensions\Microsoft\CMake\CMake\share\cmake-4.2\Modules\Linker\MSVC-C.cmake C$:\Program$ Files\Microsoft$ Visual$ Studio\18\Community\Common7\IDE\CommonExtensions\Microsoft\CMake\CMake\share\cmake-4.2\Modules\Linker\MSVC.cmake C$:\Program$ Files\Microsoft$ Visual$ Studio\18\Community\Common7\IDE\CommonExtensions\Microsoft\CMake\CMake\share\cmake-4.2\Modules\Platform\Linker\GNU.cmake C$:\Program$ Files\Microsoft$ Visual$ Studio\18\Community\Common7\IDE\CommonExtensions\Microsoft\CMake\CMake\share\cmake-4.2\Modules\Platform\Linker\Windows-ASM.cmake C$:\Program$ Files\Microsoft$ Visual$ Studio\18\Community\Common7\IDE\CommonExtensions\Microsoft\CMake\CMake\share\cmake-4.2\Modules\Platform\Linker\Windows-GNU-ASM.cmake C$:\Program$ Files\Microsoft$ Visual$ Studio\18\Community\Common7\IDE\CommonExtensions\Microsoft\CMake\CMake\share\cmake-4.2\Modules\Platform\Linker\Windows-GNU.cmake C$:\Program$ Files\Microsoft$ Visual$ Studio\18\Community\Common7\IDE\CommonExtensions\Microsoft\CMake\CMake\share\cmake-4.2\Modules\Platform\Linker\Windows-MSVC-C.cmake C$:\Program$ Files\Microsoft$ Visual$ Studio\18\Community\Common7\IDE\CommonExtensions\Microsoft\CMake\CMake\share\cmake-4.2\Modules\Platform\Linker\Windows-MSVC.cmake C$:\Program$ Files\Microsoft$ Visual$ Studio\18\Community\Common7\IDE\CommonExtensions\Microsoft\CMake\CMake\share\cmake-4.2\Modules\Platform\Windows-Initialize.cmake C$:\Program$ Files\Microsoft$ Visual$ Studio\18\Community\Common7\IDE\CommonExtensions\Microsoft\CMake\CMake\share\cmake-4.2\Modules\Platform\Windows-MSVC-C.cmake C$:\Program$ Files\Microsoft$ Visual$ Studio\18\Community\Common7\IDE\CommonExtensions\Microsoft\CMake\CMake\share\cmake-4.2\Modules\Platform\Windows-MSVC.cmake C$:\Program$ Files\Microsoft$ Visual$ Studio\18\Community\Common7\IDE\CommonExtensions\Microsoft\CMake\CMake\share\cmake-4.2\Modules\Platform\Windows.cmake C$:\Program$ Files\Microsoft$ Visual$ Studio\18\Community\Common7\IDE\CommonExtensions\Microsoft\CMake\CMake\share\cmake-4.2\Modules\Platform\WindowsPaths.cmake C$:\Program$ Files\Microsoft$ Visual$ Studio\18\Community\Common7\IDE\CommonExtensions\Microsoft\CMake\CMake\share\cmake-4.2\Modules\SelectLibraryConfigurations.cmake C$:\Program$ Files\Microsoft$ Visual$ Studio\18\Community\Common7\IDE\CommonExtensions\Microsoft\CMake\CMake\share\cmake-4.2\Modules\WriteBasicConfigVersionFile.cmake C$:\Program$ Files\Microsoft$ Visual$ Studio\18\Community\VC\vcpkg\scripts\buildsystems\vcpkg.cmake C$:\Program$ Files\Microsoft$ Visual$ Studio\18\Community\VC\vcpkg\scripts\toolchains\windows.cmake C$:\Users\marce\source\repos\PortalDungeon\vcpkg_installed\vcpkg\blds\libpng\src\v1.6.50-13b6aa9451.clean\CMakeLists.txt C$:\Users\marce\source\repos\PortalDungeon\vcpkg_installed\vcpkg\blds\libpng\src\v1.6.50-13b6aa9451.clean\libpng-config.in C$:\Users\marce\source\repos\PortalDungeon\vcpkg_installed\vcpkg\blds\libpng\src\v1.6.50-13b6aa9451.clean\libpng.pc.in C$:\Users\marce\source\repos\PortalDungeon\vcpkg_installed\vcpkg\blds\libpng\src\v1.6.50-13b6aa9451.clean\scripts\cmake\PNGCheckLibconf.cmake C$:\Users\marce\source\repos\PortalDungeon\vcpkg_installed\vcpkg\blds\libpng\src\v1.6.50-13b6aa9451.clean\scripts\cmake\genchk.cmake.in C$:\Users\marce\source\repos\PortalDungeon\vcpkg_installed\vcpkg\blds\libpng\src\v1.6.50-13b6aa9451.clean\scripts\cmake\genout.cmake.in C$:\Users\marce\source\repos\PortalDungeon\vcpkg_installed\vcpkg\blds\libpng\src\v1.6.50-13b6aa9451.clean\scripts\cmake\gensrc.cmake.in C$:\Users\marce\source\repos\PortalDungeon\vcpkg_installed\vcpkg\blds\libpng\src\v1.6.50-13b6aa9451.clean\scripts\pnglibconf.h.prebuilt C$:\Users\marce\source\repos\PortalDungeon\vcpkg_installed\x64-windows\share\zlib\vcpkg-cmake-wrapper.cmake CMakeCache.txt CMakeFiles\4.2.3-msvc3\CMakeASMCompiler.cmake CMakeFiles\4.2.3-msvc3\CMakeCCompiler.cmake CMakeFiles\4.2.3-msvc3\CMakeRCCompiler.cmake CMakeFiles\4.2.3-msvc3\CMakeSystem.cmake
  pool = console


#############################################
# A missing CMake input file is not an error.

build C$:\Program$ Files\Microsoft$ Visual$ Studio\18\Community\Common7\IDE\CommonExtensions\Microsoft\CMake\CMake\share\cmake-4.2\Modules\BasicConfigVersion-SameMinorVersion.cmake.in C$:\Program$ Files\Microsoft$ Visual$ Studio\18\Community\Common7\IDE\CommonExtensions\Microsoft\CMake\CMake\share\cmake-4.2\Modules\CMakeASMCompiler.cmake.in C$:\Program$ Files\Microsoft$ Visual$ Studio\18\Community\Common7\IDE\CommonExtensions\Microsoft\CMake\CMake\share\cmake-4.2\Modules\CMakeASMInformation.cmake C$:\Program$ Files\Microsoft$ Visual$ Studio\18\Community\Common7\IDE\CommonExtensions\Microsoft\CMake\CMake\share\cmake-4.2\Modules\CMakeCCompiler.cmake.in C$:\Program$ Files\Microsoft$ Visual$ Studio\18\Community\Common7\IDE\CommonExtensions\Microsoft\CMake\CMake\share\cmake-4.2\Modules\CMakeCCompilerABI.c C$:\Program$ Files\Microsoft$ Visual$ Studio\18\Community\Common7\IDE\CommonExtensions\Microsoft\CMake\CMake\share\cmake-4.2\Modules\CMakeCInformation.cmake C$:\Program$ Files\Microsoft$ Visual$ Studio\18\Community\Common7\IDE\CommonExtensions\Microsoft\CMake\CMake\share\cmake-4.2\Modules\CMakeCommonLanguageInclude.cmake C$:\Program$ Files\Microsoft$ Visual$ Studio\18\Community\Common7\IDE\CommonExtensions\Microsoft\CMake\CMake\share\cmake-4.2\Modules\CMakeCompilerIdDetection.cmake C$:\Program$ Files\Microsoft$ Visual$ Studio\18\Community\Common7\IDE\CommonExtensions\Microsoft\CMake\CMake\share\cmake-4.2\Modules\CMakeDependentOption.cmake C$:\Program$ Files\Microsoft$ Visual$ Studio\18\Community\Common7\IDE\CommonExtensions\Microsoft\CMake\CMake\share\cmake-4.2\Modules\CMakeDetermineASMCompiler.cmake C$:\Program$ Files\Microsoft$ Visual$ Studio\18\Community\Common7\IDE\CommonExtensions\Microsoft\CMake\CMake\share\cmake-4.2\Modules\CMakeDetermineCCompiler.cmake C$:\Program$ Files\Microsoft$ Visual$ Studio\18\Community\Common7\IDE\CommonExtensions\Microsoft\CMake\CMake\share\cmake-4.2\Modules\CMakeDetermineCompiler.cmake C$:\Program$ Files\Microsoft$ Visual$ Studio\18\Community\Common7\IDE\CommonExtensions\Microsoft\CMake\CMake\share\cmake-4.2\Modules\CMakeDetermineCompilerABI.cmake C$:\Program$ Files\Microsoft$ Visual$ Studio\18\Community\Common7\IDE\CommonExtensions\Microsoft\CMake\CMake\share\cmake-4.2\Modules\CMakeDetermineCompilerId.cmake C$:\Program$ Files\Microsoft$ Visual$ Studio\18\Community\Common7\IDE\CommonExtensions\Microsoft\CMake\CMake\share\cmake-4.2\Modules\CMakeDetermineCompilerSupport.cmake C$:\Program$ Files\Microsoft$ Visual$ Studio\18\Community\Common7\IDE\CommonExtensions\Microsoft\CMake\CMake\share\cmake-4.2\Modules\CMakeDetermineRCCompiler.cmake C$:\Program$ Files\Microsoft$ Visual$ Studio\18\Community\Common7\IDE\CommonExtensions\Microsoft\CMake\CMake\share\cmake-4.2\Modules\CMakeDetermineSystem.cmake C$:\Program$ Files\Microsoft$ Visual$ Studio\18\Community\Common7\IDE\CommonExtensions\Microsoft\CMake\CMake\share\cmake-4.2\Modules\CMakeFindBinUtils.cmake C$:\Program$ Files\Microsoft$ Visual$ Studio\18\Community\Common7\IDE\CommonExtensions\Microsoft\CMake\CMake\share\cmake-4.2\Modules\CMakeGenericSystem.cmake C$:\Program$ Files\Microsoft$ Visual$ Studio\18\Community\Common7\IDE\CommonExtensions\Microsoft\CMake\CMake\share\cmake-4.2\Modules\CMakeInitializeConfigs.cmake C$:\Program$ Files\Microsoft$ Visual$ Studio\18\Community\Common7\IDE\CommonExtensions\Microsoft\CMake\CMake\share\cmake-4.2\Modules\CMakeLanguageInformation.cmake C$:\Program$ Files\Microsoft$ Visual$ Studio\18\Community\Common7\IDE\CommonExtensions\Microsoft\CMake\CMake\share\cmake-4.2\Modules\CMakePackageConfigHelpers.cmake C$:\Program$ Files\Microsoft$ Visual$ Studio\18\Community\Common7\IDE\CommonExtensions\Microsoft\CMake\CMake\share\cmake-4.2\Modules\CMakeParseImplicitIncludeInfo.cmake C$:\Program$ Files\Microsoft$ Visual$ Studio\18\Community\Common7\IDE\CommonExtensions\Microsoft\CMake\CMake\share\cmake-4.2\Modules\CMakeParseImplicitLinkInfo.cmake C$:\Program$ Files\Microsoft$ Visual$ Studio\18\Community\Common7\IDE\CommonExtensions\Microsoft\CMake\CMake\share\cmake-4.2\Modules\CMakeParseLibraryArchitecture.cmake C$:\Program$ Files\Microsoft$ Visual$ Studio\18\Community\Common7\IDE\CommonExtensions\Microsoft\CMake\CMake\share\cmake-4.2\Modules\CMakeRCCompiler.cmake.in C$:\Program$ Files\Microsoft$ Visual$ Studio\18\Community\Common7\IDE\CommonExtensions\Microsoft\CMake\CMake\share\cmake-4.2\Modules\CMakeRCInformation.cmake C$:\Program$ Files\Microsoft$ Visual$ Studio\18\Community\Common7\IDE\CommonExtensions\Microsoft\CMake\CMake\share\cmake-4.2\Modules\CMakeSystem.cmake.in C$:\Program$ Files\Microsoft$ Visual$ Studio\18\Community\Common7\IDE\CommonExtensions\Microsoft\CMake\CMake\share\cmake-4.2\Modules\CMakeSystemSpecificInformation.cmake C$:\Program$ Files\Microsoft$ Visual$ Studio\18\Community\Common7\IDE\CommonExtensions\Microsoft\CMake\CMake\share\cmake-4.2\Modules\CMakeSystemSpecificInitialize.cmake C$:\Program$ Files\Microsoft$ Visual$ Studio\18\Community\Common7\IDE\CommonExtensions\Microsoft\CMake\CMake\share\cmake-4.2\Modules\CMakeTestASMCompiler.cmake C$:\Program$ Files\Microsoft$ Visual$ Studio\18\Community\Common7\IDE\CommonExtensions\Microsoft\CMake\CMake\share\cmake-4.2\Modules\CMakeTestCCompiler.cmake C$:\Program$ Files\Microsoft$ Visual$ Studio\18\Community\Common7\IDE\CommonExtensions\Microsoft\CMake\CMake\share\cmake-4.2\Modules\CMakeTestCompilerCommon.cmake C$:\Program$ Files\Microsoft$ Visual$ Studio\18\Community\Common7\IDE\CommonExtensions\Microsoft\CMake\CMake\share\cmake-4.2\Modules\CMakeTestRCCompiler.cmake C$:\Program$ Files\Microsoft$ Visual$ Studio\18\Community\Common7\IDE\CommonExtensions\Microsoft\CMake\CMake\share\cmake-4.2\Modules\CheckCSourceCompiles.cmake C$:\Program$ Files\Microsoft$ Visual$ Studio\18\Community\Common7\IDE\CommonExtensions\Microsoft\CMake\CMake\share\cmake-4.2\Modules\CheckLibraryExists.cmake C$:\Program$ Files\Microsoft$ Visual$ Studio\18\Community\Common7\IDE\CommonExtensions\Microsoft\CMake\CMake\share\cmake-4.2\Modules\Compiler\ADSP-DetermineCompiler.cmake C$:\Program$ Files\Microsoft$ Visual$ Studio\18\Community\Common7\IDE\CommonExtensions\Microsoft\CMake\CMake\share\cmake-4.2\Modules\Compiler\ARMCC-DetermineCompiler.cmake C$:\Program$ Files\Microsoft$ Visual$ Studio\18\Community\Common7\IDE\CommonExtensions\Microsoft\CMake\CMake\share\cmake-4.2\Modules\Compiler\ARMClang-DetermineCompiler.cmake C$:\Program$ Files\Microsoft$ Visual$ Studio\18\Community\Common7\IDE\CommonExtensions\Microsoft\CMake\CMake\share\cmake-4.2\Modules\Compiler\AppleClang-DetermineCompiler.cmake C$:\Program$ Files\Microsoft$ Visual$ Studio\18\Community\Common7\IDE\CommonExtensions\Microsoft\CMake\CMake\share\cmake-4.2\Modules\Compiler\Borland-DetermineCompiler.cmake C$:\Program$ Files\Microsoft$ Visual$ Studio\18\Community\Common7\IDE\CommonExtensions\Microsoft\CMake\CMake\share\cmake-4.2\Modules\Compiler\Bruce-C-DetermineCompiler.cmake C$:\Program$ Files\Microsoft$ Visual$ Studio\18\Community\Common7\IDE\CommonExtensions\Microsoft\CMake\CMake\share\cmake-4.2\Modules\Compiler\CMakeCommonCompilerMacros.cmake C$:\Program$ Files\Microsoft$ Visual$ Studio\18\Community\Common7\IDE\CommonExtensions\Microsoft\CMake\CMake\share\cmake-4.2\Modules\Compiler\Clang-DetermineCompiler.cmake C$:\Program$ Files\Microsoft$ Visual$ Studio\18\Community\Common7\IDE\CommonExtensions\Microsoft\CMake\CMake\share\cmake-4.2\Modules\Compiler\Clang-DetermineCompilerInternal.cmake C$:\Program$ Files\Microsoft$ Visual$ Studio\18\Community\Common7\IDE\CommonExtensions\Microsoft\CMake\CMake\share\cmake-4.2\Modules\Compiler\Compaq-C-DetermineCompiler.cmake C$:\Program$ Files\Microsoft$ Visual$ Studio\18\Community\Common7\IDE\CommonExtensions\Microsoft\CMake\CMake\share\cmake-4.2\Modules\Compiler\Cray-DetermineCompiler.cmake C$:\Program$ Files\Microsoft$ Visual$ Studio\18\Community\Common7\IDE\CommonExtensions\Microsoft\CMake\CMake\share\cmake-4.2\Modules\Compiler\CrayClang-DetermineCompiler.cmake C$:\Program$ Files\Microsoft$ Visual$ Studio\18\Community\Common7\IDE\CommonExtensions\Microsoft\CMake\CMake\share\cmake-4.2\Modules\Compiler\Diab-DetermineCompiler.cmake C$:\Program$ Files\Microsoft$ Visual$ Studio\18\Community\Common7\IDE\CommonExtensions\Microsoft\CMake\CMake\share\cmake-4.2\Modules\Compiler\Embarcadero-DetermineCompiler.cmake C$:\Program$ Files\Microsoft$ Visual$ Studio\18\Community\Common7\IDE\CommonExtensions\Microsoft\CMake\CMake\share\cmake-4.2\Modules\Compiler\Fujitsu-DetermineCompiler.cmake C$:\Program$ Files\Microsoft$ Visual$ Studio\18\Community\Common7\IDE\CommonExtensions\Microsoft\CMake\CMake\share\cmake-4.2\Modules\Compiler\FujitsuClang-DetermineCompiler.cmake C$:\Program$ Files\Microsoft$ Visual$ Studio\18\Community\Common7\IDE\CommonExtensions\Microsoft\CMake\CMake\share\cmake-4.2\Modules\Compiler\GHS-DetermineCompiler.cmake C$:\Program$ Files\Microsoft$ Visual$ Studio\18\Community\Common7\IDE\CommonExtensions\Microsoft\CMake\CMake\share\cmake-4.2\Modules\Compiler\GNU-C-DetermineCompiler.cmake C$:\Program$ Files\Microsoft$ Visual$ Studio\18\Community\Common7\IDE\CommonExtensions\Microsoft\CMake\CMake\share\cmake-4.2\Modules\Compiler\HP-C-DetermineCompiler.cmake C$:\Program$ Files\Microsoft$ Visual$ Studio\18\Community\Common7\IDE\CommonExtensions\Microsoft\CMake\CMake\share\cmake-4.2\Modules\Compiler\IAR-DetermineCompiler.cmake C$:\Program$ Files\Microsoft$ Visual$ Studio\18\Community\Common7\IDE\CommonExtensions\Microsoft\CMake\CMake\share\cmake-4.2\Modules\Compiler\IBMCPP-C-DetermineVersionInternal.cmake C$:\Program$ Files\Microsoft$ Visual$ Studio\18\Community\Common7\IDE\CommonExtensions\Microsoft\CMake\CMake\share\cmake-4.2\Modules\Compiler\IBMClang-C-DetermineCompiler.cmake C$:\Program$ Files\Microsoft$ Visual$ Studio\18\Community\Common7\IDE\CommonExtensions\Microsoft\CMake\CMake\share\cmake-4.2\Modules\Compiler\Intel-DetermineCompiler.cmake C$:\Program$ Files\Microsoft$ Visual$ Studio\18\Community\Common7\IDE\CommonExtensions\Microsoft\CMake\CMake\share\cmake-4.2\Modules\Compiler\IntelLLVM-DetermineCompiler.cmake C$:\Program$ Files\Microsoft$ Visual$ Studio\18\Community\Common7\IDE\CommonExtensions\Microsoft\CMake\CMake\share\cmake-4.2\Modules\Compiler\LCC-C-DetermineCompiler.cmake C$:\Program$ Files\Microsoft$ Visual$ Studio\18\Community\Common7\IDE\CommonExtensions\Microsoft\CMake\CMake\share\cmake-4.2\Modules\Compiler\MSVC-ASM.cmake C$:\Program$ Files\Microsoft$ Visual$ Studio\18\Community\Common7\IDE\CommonExtensions\Microsoft\CMake\CMake\share\cmake-4.2\Modules\Compiler\MSVC-C.cmake C$:\Program$ Files\Microsoft$ Visual$ Studio\18\Community\Common7\IDE\CommonExtensions\Microsoft\CMake\CMake\share\cmake-4.2\Modules\Compiler\MSVC-DetermineCompiler.cmake C$:\Program$ Files\Microsoft$ Visual$ Studio\18\Community\Common7\IDE\CommonExtensions\Microsoft\CMake\CMake\share\cmake-4.2\Modules\Compiler\MSVC.cmake C$:\Program$ Files\Microsoft$ Visual$ Studio\18\Community\Common7\IDE\CommonExtensions\Microsoft\CMake\CMake\share\cmake-4.2\Modules\Compiler\NVHPC-DetermineCompiler.cmake C$:\Program$ Files\Microsoft$ Visual$ Studio\18\Community\Common7\IDE\CommonExtensions\Microsoft\CMake\CMake\share\cmake-4.2\Modules\Compiler\NVIDIA-DetermineCompiler.cmake C$:\Program$ Files\Microsoft$ Visual$ Studio\18\Community\Common7\IDE\CommonExtensions\Microsoft\CMake\CMake\share\cmake-4.2\Modules\Compiler\OpenWatcom-DetermineCompiler.cmake C$:\Program$ Files\Microsoft$ Visual$ Studio\18\Community\Common7\IDE\CommonExtensions\Microsoft\CMake\CMake\share\cmake-4.2\Modules\Compiler\OrangeC-DetermineCompiler.cmake C$:\Program$ Files\Microsoft$ Visual$ Studio\18\Community\Common7\IDE\CommonExtensions\Microsoft\CMake\CMake\share\cmake-4.2\Modules\Compiler\PGI-DetermineCompiler.cmake C$:\Program$ Files\Microsoft$ Visual$ Studio\18\Community\Common7\IDE\CommonExtensions\Microsoft\CMake\CMake\share\cmake-4.2\Modules\Compiler\PathScale-DetermineCompiler.cmake C$:\Program$ Files\Microsoft$ Visual$ Studio\18\Community\Common7\IDE\CommonExtensions\Microsoft\CMake\CMake\share\cmake-4.2\Modules\Compiler\Renesas-DetermineCompiler.cmake C$:\Program$ Files\Microsoft$ Visual$ Studio\18\Community\Common7\IDE\CommonExtensions\Microsoft\CMake\CMake\share\cmake-4.2\Modules\Compiler\SCO-DetermineCompiler.cmake C$:\Program$ Files\Microsoft$ Visual$ Studio\18\Community\Common7\IDE\CommonExtensions\Microsoft\CMake\CMake\share\cmake-4.2\Modules\Compiler\SDCC-C-DetermineCompiler.cmake C$:\Program$ Files\Microsoft$ Visual$ Studio\18\Community\Common7\IDE\CommonExtensions\Microsoft\CMake\CMake\share\cmake-4.2\Modules\Compiler\SunPro-C-DetermineCompiler.cmake C$:\Program$ Files\Microsoft$ Visual$ Studio\18\Community\Common7\IDE\CommonExtensions\Microsoft\CMake\CMake\share\cmake-4.2\Modules\Compiler\TI-DetermineCompiler.cmake C$:\Program$ Files\Microsoft$ Visual$ Studio\18\Community\Common7\IDE\CommonExtensions\Microsoft\CMake\CMake\share\cmake-4.2\Modules\Compiler\TIClang-DetermineCompiler.cmake C$:\Program$ Files\Microsoft$ Visual$ Studio\18\Community\Common7\IDE\CommonExtensions\Microsoft\CMake\CMake\share\cmake-4.2\Modules\Compiler\Tasking-DetermineCompiler.cmake C$:\Program$ Files\Microsoft$ Visual$ Studio\18\Community\Common7\IDE\CommonExtensions\Microsoft\CMake\CMake\share\cmake-4.2\Modules\Compiler\TinyCC-C-DetermineCompiler.cmake C$:\Program$ Files\Microsoft$ Visual$ Studio\18\Community\Common7\IDE\CommonExtensions\Microsoft\CMake\CMake\share\cmake-4.2\Modules\Compiler\VisualAge-C-DetermineCompiler.cmake C$:\Program$ Files\Microsoft$ Visual$ Studio\18\Community\Common7\IDE\CommonExtensions\Microsoft\CMake\CMake\share\cmake-4.2\Modules\Compiler\Watcom-DetermineCompiler.cmake C$:\Program$ Files\Microsoft$ Visual$ Studio\18\Community\Common7\IDE\CommonExtensions\Microsoft\CMake\CMake\share\cmake-4.2\Modules\Compiler\XL-C-DetermineCompiler.cmake C$:\Program$ Files\Microsoft$ Visual$ Studio\18\Community\Common7\IDE\CommonExtensions\Microsoft\CMake\CMake\share\cmake-4.2\Modules\Compiler\XLClang-C-DetermineCompiler.cmake C$:\Program$ Files\Microsoft$ Visual$ Studio\18\Community\Common7\IDE\CommonExtensions\Microsoft\CMake\CMake\share\cmake-4.2\Modules\Compiler\zOS-C-DetermineCompiler.cmake C$:\Program$ Files\Microsoft$ Visual$ Studio\18\Community\Common7\IDE\CommonExtensions\Microsoft\CMake\CMake\share\cmake-4.2\Modules\FindPackageHandleStandardArgs.cmake C$:\Program$ Files\Microsoft$ Visual$ Studio\18\Community\Common7\IDE\CommonExtensions\Microsoft\CMake\CMake\share\cmake-4.2\Modules\FindPackageMessage.cmake C$:\Program$ Files\Microsoft$ Visual$ Studio\18\Community\Common7\IDE\CommonExtensions\Microsoft\CMake\CMake\share\cmake-4.2\Modules\FindZLIB.cmake C$:\Program$ Files\Microsoft$ Visual$ Studio\18\Community\Common7\IDE\CommonExtensions\Microsoft\CMake\CMake\share\cmake-4.2\Modules\GNUInstallDirs.cmake C$:\Program$ Files\Microsoft$ Visual$ Studio\18\Community\Common7\IDE\CommonExtensions\Microsoft\CMake\CMake\share\cmake-4.2\Modules\Internal\CMakeASMLinkerInformation.cmake C$:\Program$ Files\Microsoft$ Visual$ Studio\18\Community\Common7\IDE\CommonExtensions\Microsoft\CMake\CMake\share\cmake-4.2\Modules\Internal\CMakeCLinkerInformation.cmake C$:\Program$ Files\Microsoft$ Visual$ Studio\18\Community\Common7\IDE\CommonExtensions\Microsoft\CMake\CMake\share\cmake-4.2\Modules\Internal\CMakeCommonLinkerInformation.cmake C$:\Program$ Files\Microsoft$ Visual$ Studio\18\Community\Common7\IDE\CommonExtensions\Microsoft\CMake\CMake\share\cmake-4.2\Modules\Internal\CMakeDetermineLinkerId.cmake C$:\Program$ Files\Microsoft$ Visual$ Studio\18\Community\Common7\IDE\CommonExtensions\Microsoft\CMake\CMake\share\cmake-4.2\Modules\Internal\CMakeInspectASMLinker.cmake C$:\Program$ Files\Microsoft$ Visual$ Studio\18\Community\Common7\IDE\CommonExtensions\Microsoft\CMake\CMake\share\cmake-4.2\Modules\Internal\CMakeInspectCLinker.cmake C$:\Program$ Files\Microsoft$ Visual$ Studio\18\Community\Common7\IDE\CommonExtensions\Microsoft\CMake\CMake\share\cmake-4.2\Modules\Internal\CheckSourceCompiles.cmake C$:\Program$ Files\Microsoft$ Visual$ Studio\18\Community\Common7\IDE\CommonExtensions\Microsoft\CMake\CMake\share\cmake-4.2\Modules\Internal\FeatureTesting.cmake C$:\Program$ Files\Microsoft$ Visual$ Studio\18\Community\Common7\IDE\CommonExtensions\Microsoft\CMake\CMake\share\cmake-4.2\Modules\Linker\MSVC-C.cmake C$:\Program$ Files\Microsoft$ Visual$ Studio\18\Community\Common7\IDE\CommonExtensions\Microsoft\CMake\CMake\share\cmake-4.2\Modules\Linker\MSVC.cmake C$:\Program$ Files\Microsoft$ Visual$ Studio\18\Community\Common7\IDE\CommonExtensions\Microsoft\CMake\CMake\share\cmake-4.2\Modules\Platform\Linker\GNU.cmake C$:\Program$ Files\Microsoft$ Visual$ Studio\18\Community\Common7\IDE\CommonExtensions\Microsoft\CMake\CMake\share\cmake-4.2\Modules\Platform\Linker\Windows-ASM.cmake C$:\Program$ Files\Microsoft$ Visual$ Studio\18\Community\Common7\IDE\CommonExtensions\Microsoft\CMake\CMake\share\cmake-4.2\Modules\Platform\Linker\Windows-GNU-ASM.cmake C$:\Program$ Files\Microsoft$ Visual$ Studio\18\Community\Common7\IDE\CommonExtensions\Microsoft\CMake\CMake\share\cmake-4.2\Modules\Platform\Linker\Windows-GNU.cmake C$:\Program$ Files\Microsoft$ Visual$ Studio\18\Community\Common7\IDE\CommonExtensions\Microsoft\CMake\CMake\share\cmake-4.2\Modules\Platform\Linker\Windows-MSVC-C.cmake C$:\Program$ Files\Microsoft$ Visual$ Studio\18\Community\Common7\IDE\CommonExtensions\Microsoft\CMake\CMake\share\cmake-4.2\Modules\Platform\Linker\Windows-MSVC.cmake C$:\Program$ Files\Microsoft$ Visual$ Studio\18\Community\Common7\IDE\CommonExtensions\Microsoft\CMake\CMake\share\cmake-4.2\Modules\Platform\Windows-Initialize.cmake C$:\Program$ Files\Microsoft$ Visual$ Studio\18\Community\Common7\IDE\CommonExtensions\Microsoft\CMake\CMake\share\cmake-4.2\Modules\Platform\Windows-MSVC-C.cmake C$:\Program$ Files\Microsoft$ Visual$ Studio\18\Community\Common7\IDE\CommonExtensions\Microsoft\CMake\CMake\share\cmake-4.2\Modules\Platform\Windows-MSVC.cmake C$:\Program$ Files\Microsoft$ Visual$ Studio\18\Community\Common7\IDE\CommonExtensions\Microsoft\CMake\CMake\share\cmake-4.2\Modules\Platform\Windows.cmake C$:\Program$ Files\Microsoft$ Visual$ Studio\18\Community\Common7\IDE\CommonExtensions\Microsoft\CMake\CMake\share\cmake-4.2\Modules\Platform\WindowsPaths.cmake C$:\Program$ Files\Microsoft$ Visual$ Studio\18\Community\Common7\IDE\CommonExtensions\Microsoft\CMake\CMake\share\cmake-4.2\Modules\SelectLibraryConfigurations.cmake C$:\Program$ Files\Microsoft$ Visual$ Studio\18\Community\Common7\IDE\CommonExtensions\Microsoft\CMake\CMake\share\cmake-4.2\Modules\WriteBasicConfigVersionFile.cmake C$:\Program$ Files\Microsoft$ Visual$ Studio\18\Community\VC\vcpkg\scripts\buildsystems\vcpkg.cmake C$:\Program$ Files\Microsoft$ Visual$ Studio\18\Community\VC\vcpkg\scripts\toolchains\windows.cmake C$:\Users\marce\source\repos\PortalDungeon\vcpkg_installed\vcpkg\blds\libpng\src\v1.6.50-13b6aa9451.clean\CMakeLists.txt C$:\Users\marce\source\repos\PortalDungeon\vcpkg_installed\vcpkg\blds\libpng\src\v1.6.50-13b6aa9451.clean\libpng-config.in C$:\Users\marce\source\repos\PortalDungeon\vcpkg_installed\vcpkg\blds\libpng\src\v1.6.50-13b6aa9451.clean\libpng.pc.in C$:\Users\marce\source\repos\PortalDungeon\vcpkg_installed\vcpkg\blds\libpng\src\v1.6.50-13b6aa9451.clean\scripts\cmake\PNGCheckLibconf.cmake C$:\Users\marce\source\repos\PortalDungeon\vcpkg_installed\vcpkg\blds\libpng\src\v1.6.50-13b6aa9451.clean\scripts\cmake\genchk.cmake.in C$:\Users\marce\source\repos\PortalDungeon\vcpkg_installed\vcpkg\blds\libpng\src\v1.6.50-13b6aa9451.clean\scripts\cmake\genout.cmake.in C$:\Users\marce\source\repos\PortalDungeon\vcpkg_installed\vcpkg\blds\libpng\src\v1.6.50-13b6aa9451.clean\scripts\cmake\gensrc.cmake.in C$:\Users\marce\source\repos\PortalDungeon\vcpkg_installed\vcpkg\blds\libpng\src\v1.6.50-13b6aa9451.clean\scripts\pnglibconf.h.prebuilt C$:\Users\marce\source\repos\PortalDungeon\vcpkg_installed\x64-windows\share\zlib\vcpkg-cmake-wrapper.cmake CMakeCache.txt CMakeFiles\4.2.3-msvc3\CMakeASMCompiler.cmake CMakeFiles\4.2.3-msvc3\CMakeCCompiler.cmake CMakeFiles\4.2.3-msvc3\CMakeRCCompiler.cmake CMakeFiles\4.2.3-msvc3\CMakeSystem.cmake: phony


#############################################
# Clean all the built files.

build clean: CLEAN


#############################################
# Print all primary targets available.

build help: HELP


#############################################
# Make the all target the default.

default all
